This file contains any messages produced by compilers while
running configure, to aid debugging if configure makes a mistake.

It was created by unicornscan configure 0.4.7, which was
generated by GNU Autoconf 2.60.  Invocation command line was

  $ ./configure CFLAGS=-D_GNU_SOURCE

## --------- ##
## Platform. ##
## --------- ##

hostname = e3ef76b19695
uname -m = x86_64
uname -r = 6.17.9-300.fc43.x86_64
uname -s = Linux
uname -v = #1 SMP PREEMPT_DYNAMIC Mon Nov 24 23:31:27 UTC 2025

/usr/bin/uname -p = x86_64
/bin/uname -X     = unknown

/bin/arch              = x86_64
/usr/bin/arch -k       = unknown
/usr/convex/getsysinfo = unknown
/usr/bin/hostinfo      = unknown
/bin/machine           = unknown
/usr/bin/oslevel       = unknown
/bin/universe          = unknown

PATH: /usr/local/sbin
PATH: /usr/local/bin
PATH: /usr/sbin
PATH: /usr/bin
PATH: /sbin
PATH: /bin


## ----------- ##
## Core tests. ##
## ----------- ##

configure:1962: result: configuring unicornscan version 0.4.7
configure:2084: checking for gcc
configure:2100: found /usr/bin/gcc
configure:2111: result: gcc
configure:2349: checking for C compiler version
configure:2356: gcc --version >&5
gcc (Ubuntu 13.3.0-6ubuntu2~24.04) 13.3.0
Copyright (C) 2023 Free Software Foundation, Inc.
This is free software; see the source for copying conditions.  There is NO
warranty; not even for MERCHANTABILITY or FITNESS FOR A PARTICULAR PURPOSE.

configure:2359: $? = 0
configure:2366: gcc -v >&5
Using built-in specs.
COLLECT_GCC=gcc
COLLECT_LTO_WRAPPER=/usr/libexec/gcc/x86_64-linux-gnu/13/lto-wrapper
OFFLOAD_TARGET_NAMES=nvptx-none:amdgcn-amdhsa
OFFLOAD_TARGET_DEFAULT=1
Target: x86_64-linux-gnu
Configured with: ../src/configure -v --with-pkgversion='Ubuntu 13.3.0-6ubuntu2~24.04' --with-bugurl=file:///usr/share/doc/gcc-13/README.Bugs --enable-languages=c,ada,c++,go,d,fortran,objc,obj-c++,m2 --prefix=/usr --with-gcc-major-version-only --program-suffix=-13 --program-prefix=x86_64-linux-gnu- --enable-shared --enable-linker-build-id --libexecdir=/usr/libexec --without-included-gettext --enable-threads=posix --libdir=/usr/lib --enable-nls --enable-bootstrap --enable-clocale=gnu --enable-libstdcxx-debug --enable-libstdcxx-time=yes --with-default-libstdcxx-abi=new --enable-libstdcxx-backtrace --enable-gnu-unique-object --disable-vtable-verify --enable-plugin --enable-default-pie --with-system-zlib --enable-libphobos-checking=release --with-target-system-zlib=auto --enable-objc-gc=auto --enable-multiarch --disable-werror --enable-cet --with-arch-32=i686 --with-abi=m64 --with-multilib-list=m32,m64,mx32 --enable-multilib --with-tune=generic --enable-offload-targets=nvptx-none=/build/gcc-13-fG75Ri/gcc-13-13.3.0/debian/tmp-nvptx/usr,amdgcn-amdhsa=/build/gcc-13-fG75Ri/gcc-13-13.3.0/debian/tmp-gcn/usr --enable-offload-defaulted --without-cuda-driver --enable-checking=release --build=x86_64-linux-gnu --host=x86_64-linux-gnu --target=x86_64-linux-gnu --with-build-config=bootstrap-lto-lean --enable-link-serialization=2
Thread model: posix
Supported LTO compression algorithms: zlib zstd
gcc version 13.3.0 (Ubuntu 13.3.0-6ubuntu2~24.04) 
configure:2369: $? = 0
configure:2376: gcc -V >&5
gcc: error: unrecognized command-line option '-V'
gcc: fatal error: no input files
compilation terminated.
configure:2379: $? = 1
configure:2402: checking for C compiler default output file name
configure:2429: gcc -D_GNU_SOURCE   conftest.c  >&5
configure:2432: $? = 0
configure:2478: result: a.out
configure:2483: checking whether the C compiler works
configure:2493: ./a.out
configure:2496: $? = 0
configure:2513: result: yes
configure:2520: checking whether we are cross compiling
configure:2522: result: no
configure:2525: checking for suffix of executables
configure:2532: gcc -o conftest -D_GNU_SOURCE   conftest.c  >&5
configure:2535: $? = 0
configure:2559: result: 
configure:2565: checking for suffix of object files
configure:2591: gcc -c -D_GNU_SOURCE  conftest.c >&5
configure:2594: $? = 0
configure:2617: result: o
configure:2621: checking whether we are using the GNU C compiler
configure:2650: gcc -c -D_GNU_SOURCE  conftest.c >&5
configure:2656: $? = 0
configure:2663: test -z "$ac_c_werror_flag" || test ! -s conftest.err
configure:2666: $? = 0
configure:2673: test -s conftest.o
configure:2676: $? = 0
configure:2690: result: yes
configure:2695: checking whether gcc accepts -g
configure:2725: gcc -c -g  conftest.c >&5
configure:2731: $? = 0
configure:2738: test -z "$ac_c_werror_flag" || test ! -s conftest.err
configure:2741: $? = 0
configure:2748: test -s conftest.o
configure:2751: $? = 0
configure:2881: result: yes
configure:2898: checking for gcc option to accept ISO C89
configure:2972: gcc  -c -D_GNU_SOURCE  conftest.c >&5
configure:2978: $? = 0
configure:2985: test -z "$ac_c_werror_flag" || test ! -s conftest.err
configure:2988: $? = 0
configure:2995: test -s conftest.o
configure:2998: $? = 0
configure:3018: result: none needed
configure:3041: checking gcc version
configure:3053: result: 13
configure:3394: checking build system type
configure:3412: result: x86_64-unknown-linux-gnu
configure:3434: checking host system type
configure:3449: result: x86_64-unknown-linux-gnu
configure:3471: checking for a sed that does not truncate output
configure:3525: result: /usr/bin/sed
configure:3528: checking for grep that handles long lines and -e
configure:3602: result: /usr/bin/grep
configure:3607: checking for egrep
configure:3685: result: /usr/bin/grep -E
configure:3701: checking for ld used by gcc
configure:3768: result: /usr/bin/ld
configure:3777: checking if the linker (/usr/bin/ld) is GNU ld
configure:3792: result: yes
configure:3797: checking for /usr/bin/ld option to reload object files
configure:3804: result: -r
configure:3822: checking for BSD-compatible nm
configure:3864: result: /usr/bin/nm -B
configure:3868: checking whether ln -s works
configure:3872: result: yes
configure:3879: checking how to recognise dependent libraries
configure:4060: result: pass_all
configure:4144: gcc -c -D_GNU_SOURCE  conftest.c >&5
configure:4147: $? = 0
configure:4286: checking how to run the C preprocessor
configure:4326: gcc -E  conftest.c
configure:4332: $? = 0
configure:4370: gcc -E  conftest.c
conftest.c:8:10: fatal error: ac_nonexistent.h: No such file or directory
    8 | #include <ac_nonexistent.h>
      |          ^~~~~~~~~~~~~~~~~~
compilation terminated.
configure:4376: $? = 1
configure: failed program was:
| /* confdefs.h.  */
| #define PACKAGE_NAME "unicornscan"
| #define PACKAGE_TARNAME "unicornscan"
| #define PACKAGE_VERSION "0.4.7"
| #define PACKAGE_STRING "unicornscan 0.4.7"
| #define PACKAGE_BUGREPORT "osace-users@lists.sourceforge.net"
| /* end confdefs.h.  */
| #include <ac_nonexistent.h>
configure:4416: result: gcc -E
configure:4445: gcc -E  conftest.c
configure:4451: $? = 0
configure:4489: gcc -E  conftest.c
conftest.c:8:10: fatal error: ac_nonexistent.h: No such file or directory
    8 | #include <ac_nonexistent.h>
      |          ^~~~~~~~~~~~~~~~~~
compilation terminated.
configure:4495: $? = 1
configure: failed program was:
| /* confdefs.h.  */
| #define PACKAGE_NAME "unicornscan"
| #define PACKAGE_TARNAME "unicornscan"
| #define PACKAGE_VERSION "0.4.7"
| #define PACKAGE_STRING "unicornscan 0.4.7"
| #define PACKAGE_BUGREPORT "osace-users@lists.sourceforge.net"
| /* end confdefs.h.  */
| #include <ac_nonexistent.h>
configure:4540: checking for ANSI C header files
configure:4570: gcc -c -D_GNU_SOURCE  conftest.c >&5
configure:4576: $? = 0
configure:4583: test -z "$ac_c_werror_flag" || test ! -s conftest.err
configure:4586: $? = 0
configure:4593: test -s conftest.o
configure:4596: $? = 0
configure:4692: gcc -o conftest -D_GNU_SOURCE   conftest.c  >&5
configure:4695: $? = 0
configure:4701: ./conftest
configure:4704: $? = 0
configure:4721: result: yes
configure:4745: checking for sys/types.h
configure:4766: gcc -c -D_GNU_SOURCE  conftest.c >&5
configure:4772: $? = 0
configure:4779: test -z "$ac_c_werror_flag" || test ! -s conftest.err
configure:4782: $? = 0
configure:4789: test -s conftest.o
configure:4792: $? = 0
configure:4805: result: yes
configure:4745: checking for sys/stat.h
configure:4766: gcc -c -D_GNU_SOURCE  conftest.c >&5
configure:4772: $? = 0
configure:4779: test -z "$ac_c_werror_flag" || test ! -s conftest.err
configure:4782: $? = 0
configure:4789: test -s conftest.o
configure:4792: $? = 0
configure:4805: result: yes
configure:4745: checking for stdlib.h
configure:4766: gcc -c -D_GNU_SOURCE  conftest.c >&5
configure:4772: $? = 0
configure:4779: test -z "$ac_c_werror_flag" || test ! -s conftest.err
configure:4782: $? = 0
configure:4789: test -s conftest.o
configure:4792: $? = 0
configure:4805: result: yes
configure:4745: checking for string.h
configure:4766: gcc -c -D_GNU_SOURCE  conftest.c >&5
configure:4772: $? = 0
configure:4779: test -z "$ac_c_werror_flag" || test ! -s conftest.err
configure:4782: $? = 0
configure:4789: test -s conftest.o
configure:4792: $? = 0
configure:4805: result: yes
configure:4745: checking for memory.h
configure:4766: gcc -c -D_GNU_SOURCE  conftest.c >&5
configure:4772: $? = 0
configure:4779: test -z "$ac_c_werror_flag" || test ! -s conftest.err
configure:4782: $? = 0
configure:4789: test -s conftest.o
configure:4792: $? = 0
configure:4805: result: yes
configure:4745: checking for strings.h
configure:4766: gcc -c -D_GNU_SOURCE  conftest.c >&5
configure:4772: $? = 0
configure:4779: test -z "$ac_c_werror_flag" || test ! -s conftest.err
configure:4782: $? = 0
configure:4789: test -s conftest.o
configure:4792: $? = 0
configure:4805: result: yes
configure:4745: checking for inttypes.h
configure:4766: gcc -c -D_GNU_SOURCE  conftest.c >&5
configure:4772: $? = 0
configure:4779: test -z "$ac_c_werror_flag" || test ! -s conftest.err
configure:4782: $? = 0
configure:4789: test -s conftest.o
configure:4792: $? = 0
configure:4805: result: yes
configure:4745: checking for stdint.h
configure:4766: gcc -c -D_GNU_SOURCE  conftest.c >&5
configure:4772: $? = 0
configure:4779: test -z "$ac_c_werror_flag" || test ! -s conftest.err
configure:4782: $? = 0
configure:4789: test -s conftest.o
configure:4792: $? = 0
configure:4805: result: yes
configure:4745: checking for unistd.h
configure:4766: gcc -c -D_GNU_SOURCE  conftest.c >&5
configure:4772: $? = 0
configure:4779: test -z "$ac_c_werror_flag" || test ! -s conftest.err
configure:4782: $? = 0
configure:4789: test -s conftest.o
configure:4792: $? = 0
configure:4805: result: yes
configure:4832: checking dlfcn.h usability
configure:4849: gcc -c -D_GNU_SOURCE  conftest.c >&5
configure:4855: $? = 0
configure:4862: test -z "$ac_c_werror_flag" || test ! -s conftest.err
configure:4865: $? = 0
configure:4872: test -s conftest.o
configure:4875: $? = 0
configure:4886: result: yes
configure:4890: checking dlfcn.h presence
configure:4905: gcc -E  conftest.c
configure:4911: $? = 0
configure:4932: result: yes
configure:4965: checking for dlfcn.h
configure:4973: result: yes
configure:5044: checking for g++
configure:5060: found /usr/bin/g++
configure:5071: result: g++
configure:5102: checking for C++ compiler version
configure:5109: g++ --version >&5
g++ (Ubuntu 13.3.0-6ubuntu2~24.04) 13.3.0
Copyright (C) 2023 Free Software Foundation, Inc.
This is free software; see the source for copying conditions.  There is NO
warranty; not even for MERCHANTABILITY or FITNESS FOR A PARTICULAR PURPOSE.

configure:5112: $? = 0
configure:5119: g++ -v >&5
Using built-in specs.
COLLECT_GCC=g++
COLLECT_LTO_WRAPPER=/usr/libexec/gcc/x86_64-linux-gnu/13/lto-wrapper
OFFLOAD_TARGET_NAMES=nvptx-none:amdgcn-amdhsa
OFFLOAD_TARGET_DEFAULT=1
Target: x86_64-linux-gnu
Configured with: ../src/configure -v --with-pkgversion='Ubuntu 13.3.0-6ubuntu2~24.04' --with-bugurl=file:///usr/share/doc/gcc-13/README.Bugs --enable-languages=c,ada,c++,go,d,fortran,objc,obj-c++,m2 --prefix=/usr --with-gcc-major-version-only --program-suffix=-13 --program-prefix=x86_64-linux-gnu- --enable-shared --enable-linker-build-id --libexecdir=/usr/libexec --without-included-gettext --enable-threads=posix --libdir=/usr/lib --enable-nls --enable-bootstrap --enable-clocale=gnu --enable-libstdcxx-debug --enable-libstdcxx-time=yes --with-default-libstdcxx-abi=new --enable-libstdcxx-backtrace --enable-gnu-unique-object --disable-vtable-verify --enable-plugin --enable-default-pie --with-system-zlib --enable-libphobos-checking=release --with-target-system-zlib=auto --enable-objc-gc=auto --enable-multiarch --disable-werror --enable-cet --with-arch-32=i686 --with-abi=m64 --with-multilib-list=m32,m64,mx32 --enable-multilib --with-tune=generic --enable-offload-targets=nvptx-none=/build/gcc-13-fG75Ri/gcc-13-13.3.0/debian/tmp-nvptx/usr,amdgcn-amdhsa=/build/gcc-13-fG75Ri/gcc-13-13.3.0/debian/tmp-gcn/usr --enable-offload-defaulted --without-cuda-driver --enable-checking=release --build=x86_64-linux-gnu --host=x86_64-linux-gnu --target=x86_64-linux-gnu --with-build-config=bootstrap-lto-lean --enable-link-serialization=2
Thread model: posix
Supported LTO compression algorithms: zlib zstd
gcc version 13.3.0 (Ubuntu 13.3.0-6ubuntu2~24.04) 
configure:5122: $? = 0
configure:5129: g++ -V >&5
g++: error: unrecognized command-line option '-V'
g++: fatal error: no input files
compilation terminated.
configure:5132: $? = 1
configure:5135: checking whether we are using the GNU C++ compiler
configure:5164: g++ -c   conftest.cpp >&5
configure:5170: $? = 0
configure:5177: test -z "$ac_cxx_werror_flag" || test ! -s conftest.err
configure:5180: $? = 0
configure:5187: test -s conftest.o
configure:5190: $? = 0
configure:5204: result: yes
configure:5209: checking whether g++ accepts -g
configure:5239: g++ -c -g  conftest.cpp >&5
configure:5245: $? = 0
configure:5252: test -z "$ac_cxx_werror_flag" || test ! -s conftest.err
configure:5255: $? = 0
configure:5262: test -s conftest.o
configure:5265: $? = 0
configure:5395: result: yes
configure:5423: checking how to run the C++ preprocessor
configure:5459: g++ -E  conftest.cpp
configure:5465: $? = 0
configure:5503: g++ -E  conftest.cpp
conftest.cpp:19:10: fatal error: ac_nonexistent.h: No such file or directory
   19 | #include <ac_nonexistent.h>
      |          ^~~~~~~~~~~~~~~~~~
compilation terminated.
configure:5509: $? = 1
configure: failed program was:
| /* confdefs.h.  */
| #define PACKAGE_NAME "unicornscan"
| #define PACKAGE_TARNAME "unicornscan"
| #define PACKAGE_VERSION "0.4.7"
| #define PACKAGE_STRING "unicornscan 0.4.7"
| #define PACKAGE_BUGREPORT "osace-users@lists.sourceforge.net"
| #define STDC_HEADERS 1
| #define HAVE_SYS_TYPES_H 1
| #define HAVE_SYS_STAT_H 1
| #define HAVE_STDLIB_H 1
| #define HAVE_STRING_H 1
| #define HAVE_MEMORY_H 1
| #define HAVE_STRINGS_H 1
| #define HAVE_INTTYPES_H 1
| #define HAVE_STDINT_H 1
| #define HAVE_UNISTD_H 1
| #define HAVE_DLFCN_H 1
| /* end confdefs.h.  */
| #include <ac_nonexistent.h>
configure:5549: result: g++ -E
configure:5578: g++ -E  conftest.cpp
configure:5584: $? = 0
configure:5622: g++ -E  conftest.cpp
conftest.cpp:19:10: fatal error: ac_nonexistent.h: No such file or directory
   19 | #include <ac_nonexistent.h>
      |          ^~~~~~~~~~~~~~~~~~
compilation terminated.
configure:5628: $? = 1
configure: failed program was:
| /* confdefs.h.  */
| #define PACKAGE_NAME "unicornscan"
| #define PACKAGE_TARNAME "unicornscan"
| #define PACKAGE_VERSION "0.4.7"
| #define PACKAGE_STRING "unicornscan 0.4.7"
| #define PACKAGE_BUGREPORT "osace-users@lists.sourceforge.net"
| #define STDC_HEADERS 1
| #define HAVE_SYS_TYPES_H 1
| #define HAVE_SYS_STAT_H 1
| #define HAVE_STDLIB_H 1
| #define HAVE_STRING_H 1
| #define HAVE_MEMORY_H 1
| #define HAVE_STRINGS_H 1
| #define HAVE_INTTYPES_H 1
| #define HAVE_STDINT_H 1
| #define HAVE_UNISTD_H 1
| #define HAVE_DLFCN_H 1
| /* end confdefs.h.  */
| #include <ac_nonexistent.h>
configure:5726: checking for g77
configure:5756: result: no
configure:5726: checking for f77
configure:5756: result: no
configure:5726: checking for xlf
configure:5756: result: no
configure:5726: checking for frt
configure:5756: result: no
configure:5726: checking for pgf77
configure:5756: result: no
configure:5726: checking for cf77
configure:5756: result: no
configure:5726: checking for fort77
configure:5756: result: no
configure:5726: checking for fl32
configure:5756: result: no
configure:5726: checking for af77
configure:5756: result: no
configure:5726: checking for f90
configure:5756: result: no
configure:5726: checking for xlf90
configure:5756: result: no
configure:5726: checking for pgf90
configure:5756: result: no
configure:5726: checking for pghpf
configure:5756: result: no
configure:5726: checking for epcf90
configure:5756: result: no
configure:5726: checking for gfortran
configure:5756: result: no
configure:5726: checking for g95
configure:5756: result: no
configure:5726: checking for f95
configure:5756: result: no
configure:5726: checking for fort
configure:5756: result: no
configure:5726: checking for xlf95
configure:5756: result: no
configure:5726: checking for ifort
configure:5756: result: no
configure:5726: checking for ifc
configure:5756: result: no
configure:5726: checking for efc
configure:5756: result: no
configure:5726: checking for pgf95
configure:5756: result: no
configure:5726: checking for lf95
configure:5756: result: no
configure:5726: checking for ftn
configure:5756: result: no
configure:5783: checking for Fortran 77 compiler version
configure:5790:  --version >&5
./configure: line 5791: --version: command not found
configure:5793: $? = 127
configure:5800:  -v >&5
./configure: line 5801: -v: command not found
configure:5803: $? = 127
configure:5810:  -V >&5
./configure: line 5811: -V: command not found
configure:5813: $? = 127
configure:5821: checking whether we are using the GNU Fortran 77 compiler
configure:5840:  -c  conftest.F >&5
./configure: line 5841: -c: command not found
configure:5846: $? = 127
configure: failed program was:
|       program main
| #ifndef __GNUC__
|        choke me
| #endif
| 
|       end
configure:5880: result: no
configure:5886: checking whether  accepts -g
configure:5903:  -c -g conftest.f >&5
./configure: line 5904: -c: command not found
configure:5909: $? = 127
configure: failed program was:
|       program main
| 
|       end
configure:5942: result: no
configure:5972: checking the maximum length of command line arguments
configure:6051: result: 32768
configure:6062: checking command to parse /usr/bin/nm -B output from gcc object
configure:6151: gcc -c -D_GNU_SOURCE  conftest.c >&5
configure:6154: $? = 0
configure:6158: /usr/bin/nm -B conftest.o \| sed -n -e 's/^.*[ 	]\([ABCDGIRSTW][ABCDGIRSTW]*\)[ 	][ 	]*\(\)\([_A-Za-z][_A-Za-z0-9]*\)$/\1 \2\3 \3/p' \> conftest.nm
configure:6161: $? = 0
configure:6213: gcc -o conftest -D_GNU_SOURCE   conftest.c conftstm.o >&5
configure:6216: $? = 0
configure:6254: result: ok
configure:6258: checking for objdir
configure:6273: result: .libs
configure:6365: checking for ar
configure:6381: found /usr/bin/ar
configure:6392: result: ar
configure:6461: checking for ranlib
configure:6477: found /usr/bin/ranlib
configure:6488: result: ranlib
configure:6557: checking for strip
configure:6573: found /usr/bin/strip
configure:6584: result: strip
configure:6862: checking if gcc static flag  works
configure:6885: result: yes
configure:6907: checking if gcc supports -fno-rtti -fno-exceptions
configure:6925: gcc -c -D_GNU_SOURCE  -fno-rtti -fno-exceptions conftest.c >&5
cc1: warning: command-line option '-fno-rtti' is valid for C++/D/ObjC++ but not for C
configure:6929: $? = 0
configure:6940: result: no
configure:6955: checking for gcc option to produce PIC
configure:7142: result: -fPIC
configure:7150: checking if gcc PIC flag -fPIC works
configure:7168: gcc -c -D_GNU_SOURCE  -fPIC -DPIC conftest.c >&5
configure:7172: $? = 0
configure:7183: result: yes
configure:7207: checking if gcc supports -c -o file.o
configure:7228: gcc -c -D_GNU_SOURCE  -o out/conftest2.o conftest.c >&5
configure:7232: $? = 0
configure:7252: result: yes
configure:7278: checking whether the gcc linker (/usr/bin/ld -m elf_x86_64) supports shared libraries
configure:8155: result: yes
configure:8181: checking whether -lc should be explicitly linked in
configure:8186: gcc -c -D_GNU_SOURCE  conftest.c >&5
configure:8189: $? = 0
configure:8203: gcc -shared conftest.o  -v -Wl,-soname -Wl,conftest -o conftest 2\>\&1 \| grep  -lc  \>/dev/null 2\>\&1
configure:8206: $? = 0
configure:8218: result: no
configure:8226: checking dynamic linker characteristics
configure:8766: result: GNU/Linux ld.so
configure:8770: checking how to hardcode library paths into programs
configure:8795: result: immediate
configure:8809: checking whether stripping libraries is possible
configure:8814: result: yes
configure:8953: checking for shl_load
configure:9009: gcc -o conftest -D_GNU_SOURCE   conftest.c  >&5
/usr/bin/ld: /tmp/ccx0hBX8.o: in function `main':
conftest.c:(.text+0xe): undefined reference to `shl_load'
collect2: error: ld returned 1 exit status
configure:9015: $? = 1
configure: failed program was:
| /* confdefs.h.  */
| #define PACKAGE_NAME "unicornscan"
| #define PACKAGE_TARNAME "unicornscan"
| #define PACKAGE_VERSION "0.4.7"
| #define PACKAGE_STRING "unicornscan 0.4.7"
| #define PACKAGE_BUGREPORT "osace-users@lists.sourceforge.net"
| #define STDC_HEADERS 1
| #define HAVE_SYS_TYPES_H 1
| #define HAVE_SYS_STAT_H 1
| #define HAVE_STDLIB_H 1
| #define HAVE_STRING_H 1
| #define HAVE_MEMORY_H 1
| #define HAVE_STRINGS_H 1
| #define HAVE_INTTYPES_H 1
| #define HAVE_STDINT_H 1
| #define HAVE_UNISTD_H 1
| #define HAVE_DLFCN_H 1
| /* end confdefs.h.  */
| /* Define shl_load to an innocuous variant, in case <limits.h> declares shl_load.
|    For example, HP-UX 11i <limits.h> declares gettimeofday.  */
| #define shl_load innocuous_shl_load
| 
| /* System header to define __stub macros and hopefully few prototypes,
|     which can conflict with char shl_load (); below.
|     Prefer <limits.h> to <assert.h> if __STDC__ is defined, since
|     <limits.h> exists even on freestanding compilers.  */
| 
| #ifdef __STDC__
| # include <limits.h>
| #else
| # include <assert.h>
| #endif
| 
| #undef shl_load
| 
| /* Override any GCC internal prototype to avoid an error.
|    Use char because int might match the return type of a GCC
|    builtin and then its argument prototype would still apply.  */
| #ifdef __cplusplus
| extern "C"
| #endif
| char shl_load ();
| /* The GNU C library defines this for functions which it implements
|     to always fail with ENOSYS.  Some functions are actually named
|     something starting with __ and the normal name is an alias.  */
| #if defined __stub_shl_load || defined __stub___shl_load
| choke me
| #endif
| 
| int
| main ()
| {
| return shl_load ();
|   ;
|   return 0;
| }
configure:9048: result: no
configure:9053: checking for shl_load in -ldld
configure:9088: gcc -o conftest -D_GNU_SOURCE   conftest.c -ldld   >&5
/usr/bin/ld: cannot find -ldld: No such file or directory
collect2: error: ld returned 1 exit status
configure:9094: $? = 1
configure: failed program was:
| /* confdefs.h.  */
| #define PACKAGE_NAME "unicornscan"
| #define PACKAGE_TARNAME "unicornscan"
| #define PACKAGE_VERSION "0.4.7"
| #define PACKAGE_STRING "unicornscan 0.4.7"
| #define PACKAGE_BUGREPORT "osace-users@lists.sourceforge.net"
| #define STDC_HEADERS 1
| #define HAVE_SYS_TYPES_H 1
| #define HAVE_SYS_STAT_H 1
| #define HAVE_STDLIB_H 1
| #define HAVE_STRING_H 1
| #define HAVE_MEMORY_H 1
| #define HAVE_STRINGS_H 1
| #define HAVE_INTTYPES_H 1
| #define HAVE_STDINT_H 1
| #define HAVE_UNISTD_H 1
| #define HAVE_DLFCN_H 1
| /* end confdefs.h.  */
| 
| /* Override any GCC internal prototype to avoid an error.
|    Use char because int might match the return type of a GCC
|    builtin and then its argument prototype would still apply.  */
| #ifdef __cplusplus
| extern "C"
| #endif
| char shl_load ();
| int
| main ()
| {
| return shl_load ();
|   ;
|   return 0;
| }
configure:9128: result: no
configure:9133: checking for dlopen
configure:9189: gcc -o conftest -D_GNU_SOURCE   conftest.c  >&5
configure:9195: $? = 0
configure:9202: test -z "$ac_c_werror_flag" || test ! -s conftest.err
configure:9205: $? = 0
configure:9212: test -s conftest
configure:9215: $? = 0
configure:9228: result: yes
configure:9509: checking whether a program can dlopen itself
configure:9581: gcc -o conftest -D_GNU_SOURCE  -DHAVE_DLFCN_H  -Wl,--export-dynamic conftest.c   >&5
configure: In function 'main':
configure:9577:5: warning: implicit declaration of function 'exit' [-Wimplicit-function-declaration]
 9577 | 
      |     ^   
configure:9527:1: note: include '<stdlib.h>' or provide a declaration of 'exit'
 9526 | 
  +++ |+#include <stdlib.h>
 9527 | #include <stdio.h>
configure:9577:5: warning: incompatible implicit declaration of built-in function 'exit' [-Wbuiltin-declaration-mismatch]
 9577 | 
      |     ^   
configure:9577:5: note: include '<stdlib.h>' or provide a declaration of 'exit'
configure:9584: $? = 0
configure:9602: result: yes
configure:9607: checking whether a statically linked program can dlopen itself
configure:9679: gcc -o conftest -D_GNU_SOURCE  -DHAVE_DLFCN_H  -Wl,--export-dynamic  conftest.c   >&5
configure: In function 'main':
configure:9675:5: warning: implicit declaration of function 'exit' [-Wimplicit-function-declaration]
 9675 | 
      |     ^   
configure:9625:1: note: include '<stdlib.h>' or provide a declaration of 'exit'
 9624 | 
  +++ |+#include <stdlib.h>
 9625 | #include <stdio.h>
configure:9675:5: warning: incompatible implicit declaration of built-in function 'exit' [-Wbuiltin-declaration-mismatch]
 9675 | 
      |     ^   
configure:9675:5: note: include '<stdlib.h>' or provide a declaration of 'exit'
configure:9682: $? = 0
configure:9700: result: yes
configure:9723: checking if libtool supports shared libraries
configure:9725: result: yes
configure:9728: checking whether to build shared libraries
configure:9749: result: yes
configure:9752: checking whether to build static libraries
configure:9756: result: yes
configure:9848: creating libtool
configure:10395: checking for ld used by g++
configure:10462: result: /usr/bin/ld -m elf_x86_64
configure:10471: checking if the linker (/usr/bin/ld -m elf_x86_64) is GNU ld
configure:10486: result: yes
configure:10537: checking whether the g++ linker (/usr/bin/ld -m elf_x86_64) supports shared libraries
configure:11430: result: yes
configure:11452: g++ -c -g -O2  conftest.cc >&5
configure:11455: $? = 0
configure:11551: checking for g++ option to produce PIC
configure:11813: result: -fPIC
configure:11821: checking if g++ PIC flag -fPIC works
configure:11839: g++ -c -g -O2  -fPIC -DPIC conftest.cc >&5
configure:11843: $? = 0
configure:11854: result: yes
configure:11878: checking if g++ supports -c -o file.o
configure:11899: g++ -c -g -O2  -o out/conftest2.o conftest.cc >&5
configure:11903: $? = 0
configure:11923: result: yes
configure:11949: checking whether the g++ linker (/usr/bin/ld -m elf_x86_64) supports shared libraries
configure:11974: result: yes
configure:12045: checking dynamic linker characteristics
configure:12585: result: GNU/Linux ld.so
configure:12589: checking how to hardcode library paths into programs
configure:12614: result: immediate
configure:12628: checking whether stripping libraries is possible
configure:12633: result: yes
configure:12772: checking for shl_load
configure:12867: result: no
configure:12872: checking for shl_load in -ldld
configure:12947: result: no
configure:12952: checking for dlopen
configure:13047: result: yes
configure:13328: checking whether a program can dlopen itself
configure:13421: result: yes
configure:13426: checking whether a statically linked program can dlopen itself
configure:13519: result: yes
configure:20106: checking whether make sets $(MAKE)
configure:20127: result: yes
configure:20179: checking for ranlib
configure:20206: result: ranlib
configure:20232: checking for working volatile
configure:20261: gcc -c -D_GNU_SOURCE  conftest.c >&5
configure:20267: $? = 0
configure:20274: test -z "$ac_c_werror_flag" || test ! -s conftest.err
configure:20277: $? = 0
configure:20284: test -s conftest.o
configure:20287: $? = 0
configure:20299: result: yes
configure:20318: checking for library containing gethostbyname
configure:20359: gcc -o conftest -D_GNU_SOURCE   conftest.c  >&5
configure:20365: $? = 0
configure:20372: test -z "$ac_c_werror_flag" || test ! -s conftest.err
configure:20375: $? = 0
configure:20382: test -s conftest
configure:20385: $? = 0
configure:20409: result: none required
configure:20503: checking for library containing socket
configure:20544: gcc -o conftest -D_GNU_SOURCE   conftest.c  >&5
configure:20550: $? = 0
configure:20557: test -z "$ac_c_werror_flag" || test ! -s conftest.err
configure:20560: $? = 0
configure:20567: test -s conftest
configure:20570: $? = 0
configure:20594: result: none required
configure:20685: checking for library containing putmsg
configure:20726: gcc -o conftest -D_GNU_SOURCE   conftest.c  >&5
/usr/bin/ld: /tmp/ccdMXsaw.o: in function `main':
conftest.c:(.text+0xe): undefined reference to `putmsg'
collect2: error: ld returned 1 exit status
configure:20732: $? = 1
configure: failed program was:
| /* confdefs.h.  */
| #define PACKAGE_NAME "unicornscan"
| #define PACKAGE_TARNAME "unicornscan"
| #define PACKAGE_VERSION "0.4.7"
| #define PACKAGE_STRING "unicornscan 0.4.7"
| #define PACKAGE_BUGREPORT "osace-users@lists.sourceforge.net"
| #define STDC_HEADERS 1
| #define HAVE_SYS_TYPES_H 1
| #define HAVE_SYS_STAT_H 1
| #define HAVE_STDLIB_H 1
| #define HAVE_STRING_H 1
| #define HAVE_MEMORY_H 1
| #define HAVE_STRINGS_H 1
| #define HAVE_INTTYPES_H 1
| #define HAVE_STDINT_H 1
| #define HAVE_UNISTD_H 1
| #define HAVE_DLFCN_H 1
| /* end confdefs.h.  */
| 
| /* Override any GCC internal prototype to avoid an error.
|    Use char because int might match the return type of a GCC
|    builtin and then its argument prototype would still apply.  */
| #ifdef __cplusplus
| extern "C"
| #endif
| char putmsg ();
| int
| main ()
| {
| return putmsg ();
|   ;
|   return 0;
| }
configure:20726: gcc -o conftest -D_GNU_SOURCE   conftest.c -lstr   >&5
/usr/bin/ld: cannot find -lstr: No such file or directory
collect2: error: ld returned 1 exit status
configure:20732: $? = 1
configure: failed program was:
| /* confdefs.h.  */
| #define PACKAGE_NAME "unicornscan"
| #define PACKAGE_TARNAME "unicornscan"
| #define PACKAGE_VERSION "0.4.7"
| #define PACKAGE_STRING "unicornscan 0.4.7"
| #define PACKAGE_BUGREPORT "osace-users@lists.sourceforge.net"
| #define STDC_HEADERS 1
| #define HAVE_SYS_TYPES_H 1
| #define HAVE_SYS_STAT_H 1
| #define HAVE_STDLIB_H 1
| #define HAVE_STRING_H 1
| #define HAVE_MEMORY_H 1
| #define HAVE_STRINGS_H 1
| #define HAVE_INTTYPES_H 1
| #define HAVE_STDINT_H 1
| #define HAVE_UNISTD_H 1
| #define HAVE_DLFCN_H 1
| /* end confdefs.h.  */
| 
| /* Override any GCC internal prototype to avoid an error.
|    Use char because int might match the return type of a GCC
|    builtin and then its argument prototype would still apply.  */
| #ifdef __cplusplus
| extern "C"
| #endif
| char putmsg ();
| int
| main ()
| {
| return putmsg ();
|   ;
|   return 0;
| }
configure:20776: result: no
configure:20791: checking for gawk
configure:20807: found /usr/bin/gawk
configure:20818: result: gawk
configure:20877: checking for gcc
configure:20904: result: gcc
configure:21142: checking for C compiler version
configure:21149: gcc --version >&5
gcc (Ubuntu 13.3.0-6ubuntu2~24.04) 13.3.0
Copyright (C) 2023 Free Software Foundation, Inc.
This is free software; see the source for copying conditions.  There is NO
warranty; not even for MERCHANTABILITY or FITNESS FOR A PARTICULAR PURPOSE.

configure:21152: $? = 0
configure:21159: gcc -v >&5
Using built-in specs.
COLLECT_GCC=gcc
COLLECT_LTO_WRAPPER=/usr/libexec/gcc/x86_64-linux-gnu/13/lto-wrapper
OFFLOAD_TARGET_NAMES=nvptx-none:amdgcn-amdhsa
OFFLOAD_TARGET_DEFAULT=1
Target: x86_64-linux-gnu
Configured with: ../src/configure -v --with-pkgversion='Ubuntu 13.3.0-6ubuntu2~24.04' --with-bugurl=file:///usr/share/doc/gcc-13/README.Bugs --enable-languages=c,ada,c++,go,d,fortran,objc,obj-c++,m2 --prefix=/usr --with-gcc-major-version-only --program-suffix=-13 --program-prefix=x86_64-linux-gnu- --enable-shared --enable-linker-build-id --libexecdir=/usr/libexec --without-included-gettext --enable-threads=posix --libdir=/usr/lib --enable-nls --enable-bootstrap --enable-clocale=gnu --enable-libstdcxx-debug --enable-libstdcxx-time=yes --with-default-libstdcxx-abi=new --enable-libstdcxx-backtrace --enable-gnu-unique-object --disable-vtable-verify --enable-plugin --enable-default-pie --with-system-zlib --enable-libphobos-checking=release --with-target-system-zlib=auto --enable-objc-gc=auto --enable-multiarch --disable-werror --enable-cet --with-arch-32=i686 --with-abi=m64 --with-multilib-list=m32,m64,mx32 --enable-multilib --with-tune=generic --enable-offload-targets=nvptx-none=/build/gcc-13-fG75Ri/gcc-13-13.3.0/debian/tmp-nvptx/usr,amdgcn-amdhsa=/build/gcc-13-fG75Ri/gcc-13-13.3.0/debian/tmp-gcn/usr --enable-offload-defaulted --without-cuda-driver --enable-checking=release --build=x86_64-linux-gnu --host=x86_64-linux-gnu --target=x86_64-linux-gnu --with-build-config=bootstrap-lto-lean --enable-link-serialization=2
Thread model: posix
Supported LTO compression algorithms: zlib zstd
gcc version 13.3.0 (Ubuntu 13.3.0-6ubuntu2~24.04) 
configure:21162: $? = 0
configure:21169: gcc -V >&5
gcc: error: unrecognized command-line option '-V'
gcc: fatal error: no input files
compilation terminated.
configure:21172: $? = 1
configure:21175: checking whether we are using the GNU C compiler
configure:21244: result: yes
configure:21249: checking whether gcc accepts -g
configure:21435: result: yes
configure:21452: checking for gcc option to accept ISO C89
configure:21572: result: none needed
configure:21603: checking for a BSD-compatible install
configure:21659: result: /usr/bin/install -c
configure:21670: checking whether ln -s works
configure:21674: result: yes
configure:21682: checking for an ANSI C-conforming const
configure:21757: gcc -c -D_GNU_SOURCE  conftest.c >&5
configure:21763: $? = 0
configure:21770: test -z "$ac_c_werror_flag" || test ! -s conftest.err
configure:21773: $? = 0
configure:21780: test -s conftest.o
configure:21783: $? = 0
configure:21795: result: yes
configure:21805: checking for uid_t in sys/types.h
configure:21828: result: yes
configure:21843: checking for off_t
configure:21873: gcc -c -D_GNU_SOURCE  conftest.c >&5
configure:21879: $? = 0
configure:21886: test -z "$ac_c_werror_flag" || test ! -s conftest.err
configure:21889: $? = 0
configure:21896: test -s conftest.o
configure:21899: $? = 0
configure:21911: result: yes
configure:21923: checking for inline
configure:21949: gcc -c -D_GNU_SOURCE  conftest.c >&5
configure:21955: $? = 0
configure:21962: test -z "$ac_c_werror_flag" || test ! -s conftest.err
configure:21965: $? = 0
configure:21972: test -s conftest.o
configure:21975: $? = 0
configure:21990: result: inline
configure:22009: checking for pid_t
configure:22039: gcc -c -D_GNU_SOURCE  conftest.c >&5
configure:22045: $? = 0
configure:22052: test -z "$ac_c_werror_flag" || test ! -s conftest.err
configure:22055: $? = 0
configure:22062: test -s conftest.o
configure:22065: $? = 0
configure:22077: result: yes
configure:22089: checking for size_t
configure:22119: gcc -c -D_GNU_SOURCE  conftest.c >&5
configure:22125: $? = 0
configure:22132: test -z "$ac_c_werror_flag" || test ! -s conftest.err
configure:22135: $? = 0
configure:22142: test -s conftest.o
configure:22145: $? = 0
configure:22157: result: yes
configure:22170: checking for ANSI C header files
configure:22351: result: yes
configure:22361: checking for sys/wait.h that is POSIX.1 compatible
configure:22397: gcc -c -D_GNU_SOURCE  conftest.c >&5
configure:22403: $? = 0
configure:22410: test -z "$ac_c_werror_flag" || test ! -s conftest.err
configure:22413: $? = 0
configure:22420: test -s conftest.o
configure:22423: $? = 0
configure:22435: result: yes
configure:22453: checking for dirent.h that defines DIR
configure:22482: gcc -c -D_GNU_SOURCE  conftest.c >&5
configure:22488: $? = 0
configure:22495: test -z "$ac_c_werror_flag" || test ! -s conftest.err
configure:22498: $? = 0
configure:22505: test -s conftest.o
configure:22508: $? = 0
configure:22521: result: yes
configure:22534: checking for library containing opendir
configure:22575: gcc -o conftest -D_GNU_SOURCE   conftest.c  >&5
configure:22581: $? = 0
configure:22588: test -z "$ac_c_werror_flag" || test ! -s conftest.err
configure:22591: $? = 0
configure:22598: test -s conftest
configure:22601: $? = 0
configure:22625: result: none required
configure:22735: checking whether time.h and sys/time.h may both be included
configure:22765: gcc -c -D_GNU_SOURCE  conftest.c >&5
configure:22771: $? = 0
configure:22778: test -z "$ac_c_werror_flag" || test ! -s conftest.err
configure:22781: $? = 0
configure:22788: test -s conftest.o
configure:22791: $? = 0
configure:22803: result: yes
configure:22841: checking fcntl.h usability
configure:22858: gcc -c -D_GNU_SOURCE  conftest.c >&5
configure:22864: $? = 0
configure:22871: test -z "$ac_c_werror_flag" || test ! -s conftest.err
configure:22874: $? = 0
configure:22881: test -s conftest.o
configure:22884: $? = 0
configure:22895: result: yes
configure:22899: checking fcntl.h presence
configure:22914: gcc -E  conftest.c
configure:22920: $? = 0
configure:22941: result: yes
configure:22974: checking for fcntl.h
configure:22982: result: yes
configure:22831: checking for inttypes.h
configure:22837: result: yes
configure:22841: checking malloc.h usability
configure:22858: gcc -c -D_GNU_SOURCE  conftest.c >&5
configure:22864: $? = 0
configure:22871: test -z "$ac_c_werror_flag" || test ! -s conftest.err
configure:22874: $? = 0
configure:22881: test -s conftest.o
configure:22884: $? = 0
configure:22895: result: yes
configure:22899: checking malloc.h presence
configure:22914: gcc -E  conftest.c
configure:22920: $? = 0
configure:22941: result: yes
configure:22974: checking for malloc.h
configure:22982: result: yes
configure:22831: checking for memory.h
configure:22837: result: yes
configure:22841: checking netdb.h usability
configure:22858: gcc -c -D_GNU_SOURCE  conftest.c >&5
configure:22864: $? = 0
configure:22871: test -z "$ac_c_werror_flag" || test ! -s conftest.err
configure:22874: $? = 0
configure:22881: test -s conftest.o
configure:22884: $? = 0
configure:22895: result: yes
configure:22899: checking netdb.h presence
configure:22914: gcc -E  conftest.c
configure:22920: $? = 0
configure:22941: result: yes
configure:22974: checking for netdb.h
configure:22982: result: yes
configure:22841: checking stddef.h usability
configure:22858: gcc -c -D_GNU_SOURCE  conftest.c >&5
configure:22864: $? = 0
configure:22871: test -z "$ac_c_werror_flag" || test ! -s conftest.err
configure:22874: $? = 0
configure:22881: test -s conftest.o
configure:22884: $? = 0
configure:22895: result: yes
configure:22899: checking stddef.h presence
configure:22914: gcc -E  conftest.c
configure:22920: $? = 0
configure:22941: result: yes
configure:22974: checking for stddef.h
configure:22982: result: yes
configure:22831: checking for stdint.h
configure:22837: result: yes
configure:22831: checking for stdlib.h
configure:22837: result: yes
configure:22831: checking for string.h
configure:22837: result: yes
configure:22841: checking sys/ioctl.h usability
configure:22858: gcc -c -D_GNU_SOURCE  conftest.c >&5
configure:22864: $? = 0
configure:22871: test -z "$ac_c_werror_flag" || test ! -s conftest.err
configure:22874: $? = 0
configure:22881: test -s conftest.o
configure:22884: $? = 0
configure:22895: result: yes
configure:22899: checking sys/ioctl.h presence
configure:22914: gcc -E  conftest.c
configure:22920: $? = 0
configure:22941: result: yes
configure:22974: checking for sys/ioctl.h
configure:22982: result: yes
configure:22841: checking sys/param.h usability
configure:22858: gcc -c -D_GNU_SOURCE  conftest.c >&5
configure:22864: $? = 0
configure:22871: test -z "$ac_c_werror_flag" || test ! -s conftest.err
configure:22874: $? = 0
configure:22881: test -s conftest.o
configure:22884: $? = 0
configure:22895: result: yes
configure:22899: checking sys/param.h presence
configure:22914: gcc -E  conftest.c
configure:22920: $? = 0
configure:22941: result: yes
configure:22974: checking for sys/param.h
configure:22982: result: yes
configure:22841: checking sys/time.h usability
configure:22858: gcc -c -D_GNU_SOURCE  conftest.c >&5
configure:22864: $? = 0
configure:22871: test -z "$ac_c_werror_flag" || test ! -s conftest.err
configure:22874: $? = 0
configure:22881: test -s conftest.o
configure:22884: $? = 0
configure:22895: result: yes
configure:22899: checking sys/time.h presence
configure:22914: gcc -E  conftest.c
configure:22920: $? = 0
configure:22941: result: yes
configure:22974: checking for sys/time.h
configure:22982: result: yes
configure:22831: checking for unistd.h
configure:22837: result: yes
configure:22841: checking limits.h usability
configure:22858: gcc -c -D_GNU_SOURCE  conftest.c >&5
configure:22864: $? = 0
configure:22871: test -z "$ac_c_werror_flag" || test ! -s conftest.err
configure:22874: $? = 0
configure:22881: test -s conftest.o
configure:22884: $? = 0
configure:22895: result: yes
configure:22899: checking limits.h presence
configure:22914: gcc -E  conftest.c
configure:22920: $? = 0
configure:22941: result: yes
configure:22974: checking for limits.h
configure:22982: result: yes
configure:23000: checking for sys/socket.h
configure:23022: gcc -c -D_GNU_SOURCE  conftest.c >&5
configure:23028: $? = 0
configure:23035: test -z "$ac_c_werror_flag" || test ! -s conftest.err
configure:23038: $? = 0
configure:23045: test -s conftest.o
configure:23048: $? = 0
configure:23061: result: yes
configure:23078: checking for net/if.h
configure:23103: gcc -c -D_GNU_SOURCE  conftest.c >&5
configure:23109: $? = 0
configure:23116: test -z "$ac_c_werror_flag" || test ! -s conftest.err
configure:23119: $? = 0
configure:23126: test -s conftest.o
configure:23129: $? = 0
configure:23142: result: yes
configure:23078: checking for netinet/in.h
configure:23103: gcc -c -D_GNU_SOURCE  conftest.c >&5
configure:23109: $? = 0
configure:23116: test -z "$ac_c_werror_flag" || test ! -s conftest.err
configure:23119: $? = 0
configure:23126: test -s conftest.o
configure:23129: $? = 0
configure:23142: result: yes
configure:23167: checking for arpa/inet.h
configure:23201: gcc -c -D_GNU_SOURCE  conftest.c >&5
configure:23207: $? = 0
configure:23214: test -z "$ac_c_werror_flag" || test ! -s conftest.err
configure:23217: $? = 0
configure:23224: test -s conftest.o
configure:23227: $? = 0
configure:23240: result: yes
configure:23167: checking for ifaddrs.h
configure:23201: gcc -c -D_GNU_SOURCE  conftest.c >&5
configure:23207: $? = 0
configure:23214: test -z "$ac_c_werror_flag" || test ! -s conftest.err
configure:23217: $? = 0
configure:23224: test -s conftest.o
configure:23227: $? = 0
configure:23240: result: yes
configure:23167: checking for net/if_dl.h
configure:23201: gcc -c -D_GNU_SOURCE  conftest.c >&5
conftest.c:57:10: fatal error: net/if_dl.h: No such file or directory
   57 | #include <net/if_dl.h>
      |          ^~~~~~~~~~~~~
compilation terminated.
configure:23207: $? = 1
configure: failed program was:
| /* confdefs.h.  */
| #define PACKAGE_NAME "unicornscan"
| #define PACKAGE_TARNAME "unicornscan"
| #define PACKAGE_VERSION "0.4.7"
| #define PACKAGE_STRING "unicornscan 0.4.7"
| #define PACKAGE_BUGREPORT "osace-users@lists.sourceforge.net"
| #define STDC_HEADERS 1
| #define HAVE_SYS_TYPES_H 1
| #define HAVE_SYS_STAT_H 1
| #define HAVE_STDLIB_H 1
| #define HAVE_STRING_H 1
| #define HAVE_MEMORY_H 1
| #define HAVE_STRINGS_H 1
| #define HAVE_INTTYPES_H 1
| #define HAVE_STDINT_H 1
| #define HAVE_UNISTD_H 1
| #define HAVE_DLFCN_H 1
| #define STDC_HEADERS 1
| #define HAVE_SYS_WAIT_H 1
| #define HAVE_DIRENT_H 1
| #define TIME_WITH_SYS_TIME 1
| #define HAVE_FCNTL_H 1
| #define HAVE_INTTYPES_H 1
| #define HAVE_MALLOC_H 1
| #define HAVE_MEMORY_H 1
| #define HAVE_NETDB_H 1
| #define HAVE_STDDEF_H 1
| #define HAVE_STDINT_H 1
| #define HAVE_STDLIB_H 1
| #define HAVE_STRING_H 1
| #define HAVE_SYS_IOCTL_H 1
| #define HAVE_SYS_PARAM_H 1
| #define HAVE_SYS_TIME_H 1
| #define HAVE_UNISTD_H 1
| #define HAVE_LIMITS_H 1
| #define HAVE_SYS_SOCKET_H 1
| #define HAVE_NET_IF_H 1
| #define HAVE_NETINET_IN_H 1
| #define HAVE_ARPA_INET_H 1
| #define HAVE_IFADDRS_H 1
| /* end confdefs.h.  */
| #include <sys/types.h>
| #ifdef HAVE_SYS_TIME_H
| #include <sys/time.h>
| #endif
| #ifdef HAVE_SYS_SOCKET_H
| #include <sys/socket.h>
| #endif
| #ifdef HAVE_NETINET_IN_H
| #include <netinet/in.h>
| #endif
| #ifdef HAVE_NET_IF_H
| #include <net/if.h>
| #endif
| 
| 
| #include <net/if_dl.h>
configure:23240: result: no
configure:23167: checking for ifaddrs.h
configure:23240: result: yes
configure:23167: checking for net/bpf.h
configure:23201: gcc -c -D_GNU_SOURCE  conftest.c >&5
conftest.c:58:10: fatal error: net/bpf.h: No such file or directory
   58 | #include <net/bpf.h>
      |          ^~~~~~~~~~~
compilation terminated.
configure:23207: $? = 1
configure: failed program was:
| /* confdefs.h.  */
| #define PACKAGE_NAME "unicornscan"
| #define PACKAGE_TARNAME "unicornscan"
| #define PACKAGE_VERSION "0.4.7"
| #define PACKAGE_STRING "unicornscan 0.4.7"
| #define PACKAGE_BUGREPORT "osace-users@lists.sourceforge.net"
| #define STDC_HEADERS 1
| #define HAVE_SYS_TYPES_H 1
| #define HAVE_SYS_STAT_H 1
| #define HAVE_STDLIB_H 1
| #define HAVE_STRING_H 1
| #define HAVE_MEMORY_H 1
| #define HAVE_STRINGS_H 1
| #define HAVE_INTTYPES_H 1
| #define HAVE_STDINT_H 1
| #define HAVE_UNISTD_H 1
| #define HAVE_DLFCN_H 1
| #define STDC_HEADERS 1
| #define HAVE_SYS_WAIT_H 1
| #define HAVE_DIRENT_H 1
| #define TIME_WITH_SYS_TIME 1
| #define HAVE_FCNTL_H 1
| #define HAVE_INTTYPES_H 1
| #define HAVE_MALLOC_H 1
| #define HAVE_MEMORY_H 1
| #define HAVE_NETDB_H 1
| #define HAVE_STDDEF_H 1
| #define HAVE_STDINT_H 1
| #define HAVE_STDLIB_H 1
| #define HAVE_STRING_H 1
| #define HAVE_SYS_IOCTL_H 1
| #define HAVE_SYS_PARAM_H 1
| #define HAVE_SYS_TIME_H 1
| #define HAVE_UNISTD_H 1
| #define HAVE_LIMITS_H 1
| #define HAVE_SYS_SOCKET_H 1
| #define HAVE_NET_IF_H 1
| #define HAVE_NETINET_IN_H 1
| #define HAVE_ARPA_INET_H 1
| #define HAVE_IFADDRS_H 1
| #define HAVE_IFADDRS_H 1
| /* end confdefs.h.  */
| #include <sys/types.h>
| #ifdef HAVE_SYS_TIME_H
| #include <sys/time.h>
| #endif
| #ifdef HAVE_SYS_SOCKET_H
| #include <sys/socket.h>
| #endif
| #ifdef HAVE_NETINET_IN_H
| #include <netinet/in.h>
| #endif
| #ifdef HAVE_NET_IF_H
| #include <net/if.h>
| #endif
| 
| 
| #include <net/bpf.h>
configure:23240: result: no
configure:23167: checking for net/ethernet.h
configure:23201: gcc -c -D_GNU_SOURCE  conftest.c >&5
configure:23207: $? = 0
configure:23214: test -z "$ac_c_werror_flag" || test ! -s conftest.err
configure:23217: $? = 0
configure:23224: test -s conftest.o
configure:23227: $? = 0
configure:23240: result: yes
configure:23167: checking for sys/ethernet.h
configure:23201: gcc -c -D_GNU_SOURCE  conftest.c >&5
conftest.c:59:10: fatal error: sys/ethernet.h: No such file or directory
   59 | #include <sys/ethernet.h>
      |          ^~~~~~~~~~~~~~~~
compilation terminated.
configure:23207: $? = 1
configure: failed program was:
| /* confdefs.h.  */
| #define PACKAGE_NAME "unicornscan"
| #define PACKAGE_TARNAME "unicornscan"
| #define PACKAGE_VERSION "0.4.7"
| #define PACKAGE_STRING "unicornscan 0.4.7"
| #define PACKAGE_BUGREPORT "osace-users@lists.sourceforge.net"
| #define STDC_HEADERS 1
| #define HAVE_SYS_TYPES_H 1
| #define HAVE_SYS_STAT_H 1
| #define HAVE_STDLIB_H 1
| #define HAVE_STRING_H 1
| #define HAVE_MEMORY_H 1
| #define HAVE_STRINGS_H 1
| #define HAVE_INTTYPES_H 1
| #define HAVE_STDINT_H 1
| #define HAVE_UNISTD_H 1
| #define HAVE_DLFCN_H 1
| #define STDC_HEADERS 1
| #define HAVE_SYS_WAIT_H 1
| #define HAVE_DIRENT_H 1
| #define TIME_WITH_SYS_TIME 1
| #define HAVE_FCNTL_H 1
| #define HAVE_INTTYPES_H 1
| #define HAVE_MALLOC_H 1
| #define HAVE_MEMORY_H 1
| #define HAVE_NETDB_H 1
| #define HAVE_STDDEF_H 1
| #define HAVE_STDINT_H 1
| #define HAVE_STDLIB_H 1
| #define HAVE_STRING_H 1
| #define HAVE_SYS_IOCTL_H 1
| #define HAVE_SYS_PARAM_H 1
| #define HAVE_SYS_TIME_H 1
| #define HAVE_UNISTD_H 1
| #define HAVE_LIMITS_H 1
| #define HAVE_SYS_SOCKET_H 1
| #define HAVE_NET_IF_H 1
| #define HAVE_NETINET_IN_H 1
| #define HAVE_ARPA_INET_H 1
| #define HAVE_IFADDRS_H 1
| #define HAVE_IFADDRS_H 1
| #define HAVE_NET_ETHERNET_H 1
| /* end confdefs.h.  */
| #include <sys/types.h>
| #ifdef HAVE_SYS_TIME_H
| #include <sys/time.h>
| #endif
| #ifdef HAVE_SYS_SOCKET_H
| #include <sys/socket.h>
| #endif
| #ifdef HAVE_NETINET_IN_H
| #include <netinet/in.h>
| #endif
| #ifdef HAVE_NET_IF_H
| #include <net/if.h>
| #endif
| 
| 
| #include <sys/ethernet.h>
configure:23240: result: no
configure:23167: checking for netinet/if_ether.h
configure:23201: gcc -c -D_GNU_SOURCE  conftest.c >&5
configure:23207: $? = 0
configure:23214: test -z "$ac_c_werror_flag" || test ! -s conftest.err
configure:23217: $? = 0
configure:23224: test -s conftest.o
configure:23227: $? = 0
configure:23240: result: yes
configure:23167: checking for netinet/ether.h
configure:23201: gcc -c -D_GNU_SOURCE  conftest.c >&5
configure:23207: $? = 0
configure:23214: test -z "$ac_c_werror_flag" || test ! -s conftest.err
configure:23217: $? = 0
configure:23224: test -s conftest.o
configure:23227: $? = 0
configure:23240: result: yes
configure:23167: checking for netpacket/packet.h
configure:23201: gcc -c -D_GNU_SOURCE  conftest.c >&5
configure:23207: $? = 0
configure:23214: test -z "$ac_c_werror_flag" || test ! -s conftest.err
configure:23217: $? = 0
configure:23224: test -s conftest.o
configure:23227: $? = 0
configure:23240: result: yes
configure:23252: checking for struct sockaddr.sa_len
configure:23282: gcc -c -D_GNU_SOURCE  conftest.c >&5
conftest.c: In function 'main':
conftest.c:54:12: error: 'struct sockaddr' has no member named 'sa_len'
   54 | if (ac_aggr.sa_len)
      |            ^
configure:23288: $? = 1
configure: failed program was:
| /* confdefs.h.  */
| #define PACKAGE_NAME "unicornscan"
| #define PACKAGE_TARNAME "unicornscan"
| #define PACKAGE_VERSION "0.4.7"
| #define PACKAGE_STRING "unicornscan 0.4.7"
| #define PACKAGE_BUGREPORT "osace-users@lists.sourceforge.net"
| #define STDC_HEADERS 1
| #define HAVE_SYS_TYPES_H 1
| #define HAVE_SYS_STAT_H 1
| #define HAVE_STDLIB_H 1
| #define HAVE_STRING_H 1
| #define HAVE_MEMORY_H 1
| #define HAVE_STRINGS_H 1
| #define HAVE_INTTYPES_H 1
| #define HAVE_STDINT_H 1
| #define HAVE_UNISTD_H 1
| #define HAVE_DLFCN_H 1
| #define STDC_HEADERS 1
| #define HAVE_SYS_WAIT_H 1
| #define HAVE_DIRENT_H 1
| #define TIME_WITH_SYS_TIME 1
| #define HAVE_FCNTL_H 1
| #define HAVE_INTTYPES_H 1
| #define HAVE_MALLOC_H 1
| #define HAVE_MEMORY_H 1
| #define HAVE_NETDB_H 1
| #define HAVE_STDDEF_H 1
| #define HAVE_STDINT_H 1
| #define HAVE_STDLIB_H 1
| #define HAVE_STRING_H 1
| #define HAVE_SYS_IOCTL_H 1
| #define HAVE_SYS_PARAM_H 1
| #define HAVE_SYS_TIME_H 1
| #define HAVE_UNISTD_H 1
| #define HAVE_LIMITS_H 1
| #define HAVE_SYS_SOCKET_H 1
| #define HAVE_NET_IF_H 1
| #define HAVE_NETINET_IN_H 1
| #define HAVE_ARPA_INET_H 1
| #define HAVE_IFADDRS_H 1
| #define HAVE_IFADDRS_H 1
| #define HAVE_NET_ETHERNET_H 1
| #define HAVE_NETINET_IF_ETHER_H 1
| #define HAVE_NETINET_ETHER_H 1
| #define HAVE_NETPACKET_PACKET_H 1
| /* end confdefs.h.  */
| #include <sys/types.h>
| #include <sys/socket.h>
| 
| int
| main ()
| {
| static struct sockaddr ac_aggr;
| if (ac_aggr.sa_len)
| return 0;
|   ;
|   return 0;
| }
configure:23340: gcc -c -D_GNU_SOURCE  conftest.c >&5
conftest.c: In function 'main':
conftest.c:54:19: error: 'struct sockaddr' has no member named 'sa_len'
   54 | if (sizeof ac_aggr.sa_len)
      |                   ^
configure:23346: $? = 1
configure: failed program was:
| /* confdefs.h.  */
| #define PACKAGE_NAME "unicornscan"
| #define PACKAGE_TARNAME "unicornscan"
| #define PACKAGE_VERSION "0.4.7"
| #define PACKAGE_STRING "unicornscan 0.4.7"
| #define PACKAGE_BUGREPORT "osace-users@lists.sourceforge.net"
| #define STDC_HEADERS 1
| #define HAVE_SYS_TYPES_H 1
| #define HAVE_SYS_STAT_H 1
| #define HAVE_STDLIB_H 1
| #define HAVE_STRING_H 1
| #define HAVE_MEMORY_H 1
| #define HAVE_STRINGS_H 1
| #define HAVE_INTTYPES_H 1
| #define HAVE_STDINT_H 1
| #define HAVE_UNISTD_H 1
| #define HAVE_DLFCN_H 1
| #define STDC_HEADERS 1
| #define HAVE_SYS_WAIT_H 1
| #define HAVE_DIRENT_H 1
| #define TIME_WITH_SYS_TIME 1
| #define HAVE_FCNTL_H 1
| #define HAVE_INTTYPES_H 1
| #define HAVE_MALLOC_H 1
| #define HAVE_MEMORY_H 1
| #define HAVE_NETDB_H 1
| #define HAVE_STDDEF_H 1
| #define HAVE_STDINT_H 1
| #define HAVE_STDLIB_H 1
| #define HAVE_STRING_H 1
| #define HAVE_SYS_IOCTL_H 1
| #define HAVE_SYS_PARAM_H 1
| #define HAVE_SYS_TIME_H 1
| #define HAVE_UNISTD_H 1
| #define HAVE_LIMITS_H 1
| #define HAVE_SYS_SOCKET_H 1
| #define HAVE_NET_IF_H 1
| #define HAVE_NETINET_IN_H 1
| #define HAVE_ARPA_INET_H 1
| #define HAVE_IFADDRS_H 1
| #define HAVE_IFADDRS_H 1
| #define HAVE_NET_ETHERNET_H 1
| #define HAVE_NETINET_IF_ETHER_H 1
| #define HAVE_NETINET_ETHER_H 1
| #define HAVE_NETPACKET_PACKET_H 1
| /* end confdefs.h.  */
| #include <sys/types.h>
| #include <sys/socket.h>
| 
| int
| main ()
| {
| static struct sockaddr ac_aggr;
| if (sizeof ac_aggr.sa_len)
| return 0;
|   ;
|   return 0;
| }
configure:23381: result: no
configure:23391: checking whether closedir returns void
configure:23425: gcc -o conftest -D_GNU_SOURCE   conftest.c  >&5
configure:23428: $? = 0
configure:23434: ./conftest
configure:23437: $? = 0
configure:23453: result: no
configure:23478: checking vfork.h usability
configure:23495: gcc -c -D_GNU_SOURCE  conftest.c >&5
conftest.c:80:10: fatal error: vfork.h: No such file or directory
   80 | #include <vfork.h>
      |          ^~~~~~~~~
compilation terminated.
configure:23501: $? = 1
configure: failed program was:
| /* confdefs.h.  */
| #define PACKAGE_NAME "unicornscan"
| #define PACKAGE_TARNAME "unicornscan"
| #define PACKAGE_VERSION "0.4.7"
| #define PACKAGE_STRING "unicornscan 0.4.7"
| #define PACKAGE_BUGREPORT "osace-users@lists.sourceforge.net"
| #define STDC_HEADERS 1
| #define HAVE_SYS_TYPES_H 1
| #define HAVE_SYS_STAT_H 1
| #define HAVE_STDLIB_H 1
| #define HAVE_STRING_H 1
| #define HAVE_MEMORY_H 1
| #define HAVE_STRINGS_H 1
| #define HAVE_INTTYPES_H 1
| #define HAVE_STDINT_H 1
| #define HAVE_UNISTD_H 1
| #define HAVE_DLFCN_H 1
| #define STDC_HEADERS 1
| #define HAVE_SYS_WAIT_H 1
| #define HAVE_DIRENT_H 1
| #define TIME_WITH_SYS_TIME 1
| #define HAVE_FCNTL_H 1
| #define HAVE_INTTYPES_H 1
| #define HAVE_MALLOC_H 1
| #define HAVE_MEMORY_H 1
| #define HAVE_NETDB_H 1
| #define HAVE_STDDEF_H 1
| #define HAVE_STDINT_H 1
| #define HAVE_STDLIB_H 1
| #define HAVE_STRING_H 1
| #define HAVE_SYS_IOCTL_H 1
| #define HAVE_SYS_PARAM_H 1
| #define HAVE_SYS_TIME_H 1
| #define HAVE_UNISTD_H 1
| #define HAVE_LIMITS_H 1
| #define HAVE_SYS_SOCKET_H 1
| #define HAVE_NET_IF_H 1
| #define HAVE_NETINET_IN_H 1
| #define HAVE_ARPA_INET_H 1
| #define HAVE_IFADDRS_H 1
| #define HAVE_IFADDRS_H 1
| #define HAVE_NET_ETHERNET_H 1
| #define HAVE_NETINET_IF_ETHER_H 1
| #define HAVE_NETINET_ETHER_H 1
| #define HAVE_NETPACKET_PACKET_H 1
| /* end confdefs.h.  */
| #include <stdio.h>
| #if HAVE_SYS_TYPES_H
| # include <sys/types.h>
| #endif
| #if HAVE_SYS_STAT_H
| # include <sys/stat.h>
| #endif
| #if STDC_HEADERS
| # include <stdlib.h>
| # include <stddef.h>
| #else
| # if HAVE_STDLIB_H
| #  include <stdlib.h>
| # endif
| #endif
| #if HAVE_STRING_H
| # if !STDC_HEADERS && HAVE_MEMORY_H
| #  include <memory.h>
| # endif
| # include <string.h>
| #endif
| #if HAVE_STRINGS_H
| # include <strings.h>
| #endif
| #if HAVE_INTTYPES_H
| # include <inttypes.h>
| #endif
| #if HAVE_STDINT_H
| # include <stdint.h>
| #endif
| #if HAVE_UNISTD_H
| # include <unistd.h>
| #endif
| #include <vfork.h>
configure:23532: result: no
configure:23536: checking vfork.h presence
configure:23551: gcc -E  conftest.c
conftest.c:47:10: fatal error: vfork.h: No such file or directory
   47 | #include <vfork.h>
      |          ^~~~~~~~~
compilation terminated.
configure:23557: $? = 1
configure: failed program was:
| /* confdefs.h.  */
| #define PACKAGE_NAME "unicornscan"
| #define PACKAGE_TARNAME "unicornscan"
| #define PACKAGE_VERSION "0.4.7"
| #define PACKAGE_STRING "unicornscan 0.4.7"
| #define PACKAGE_BUGREPORT "osace-users@lists.sourceforge.net"
| #define STDC_HEADERS 1
| #define HAVE_SYS_TYPES_H 1
| #define HAVE_SYS_STAT_H 1
| #define HAVE_STDLIB_H 1
| #define HAVE_STRING_H 1
| #define HAVE_MEMORY_H 1
| #define HAVE_STRINGS_H 1
| #define HAVE_INTTYPES_H 1
| #define HAVE_STDINT_H 1
| #define HAVE_UNISTD_H 1
| #define HAVE_DLFCN_H 1
| #define STDC_HEADERS 1
| #define HAVE_SYS_WAIT_H 1
| #define HAVE_DIRENT_H 1
| #define TIME_WITH_SYS_TIME 1
| #define HAVE_FCNTL_H 1
| #define HAVE_INTTYPES_H 1
| #define HAVE_MALLOC_H 1
| #define HAVE_MEMORY_H 1
| #define HAVE_NETDB_H 1
| #define HAVE_STDDEF_H 1
| #define HAVE_STDINT_H 1
| #define HAVE_STDLIB_H 1
| #define HAVE_STRING_H 1
| #define HAVE_SYS_IOCTL_H 1
| #define HAVE_SYS_PARAM_H 1
| #define HAVE_SYS_TIME_H 1
| #define HAVE_UNISTD_H 1
| #define HAVE_LIMITS_H 1
| #define HAVE_SYS_SOCKET_H 1
| #define HAVE_NET_IF_H 1
| #define HAVE_NETINET_IN_H 1
| #define HAVE_ARPA_INET_H 1
| #define HAVE_IFADDRS_H 1
| #define HAVE_IFADDRS_H 1
| #define HAVE_NET_ETHERNET_H 1
| #define HAVE_NETINET_IF_ETHER_H 1
| #define HAVE_NETINET_ETHER_H 1
| #define HAVE_NETPACKET_PACKET_H 1
| /* end confdefs.h.  */
| #include <vfork.h>
configure:23578: result: no
configure:23611: checking for vfork.h
configure:23619: result: no
configure:23637: checking for fork
configure:23693: gcc -o conftest -D_GNU_SOURCE   conftest.c  >&5
conftest.c:70:6: warning: conflicting types for built-in function 'fork'; expected 'int(void)' [-Wbuiltin-declaration-mismatch]
   70 | char fork ();
      |      ^~~~
configure:23699: $? = 0
configure:23706: test -z "$ac_c_werror_flag" || test ! -s conftest.err
configure:23709: $? = 0
configure:23716: test -s conftest
configure:23719: $? = 0
configure:23733: result: yes
configure:23637: checking for vfork
configure:23693: gcc -o conftest -D_GNU_SOURCE   conftest.c  >&5
configure:23699: $? = 0
configure:23706: test -z "$ac_c_werror_flag" || test ! -s conftest.err
configure:23709: $? = 0
configure:23716: test -s conftest
configure:23719: $? = 0
configure:23733: result: yes
configure:23744: checking for working fork
configure:23776: gcc -o conftest -D_GNU_SOURCE   conftest.c  >&5
configure:23779: $? = 0
configure:23785: ./conftest
configure:23788: $? = 0
configure:23804: result: yes
configure:23825: checking for working vfork
configure:23963: result: yes
configure:23995: checking whether gcc needs -traditional
configure:24037: result: no
configure:24049: checking for stdlib.h
configure:24055: result: yes
configure:24213: checking for GNU libc compatible malloc
configure:24247: gcc -o conftest -D_GNU_SOURCE   conftest.c  >&5
configure:24250: $? = 0
configure:24256: ./conftest
configure:24259: $? = 0
configure:24275: result: yes
configure:24308: checking for stdlib.h
configure:24314: result: yes
configure:24472: checking for GNU libc compatible realloc
configure:24506: gcc -o conftest -D_GNU_SOURCE   conftest.c  >&5
configure:24509: $? = 0
configure:24515: ./conftest
configure:24518: $? = 0
configure:24534: result: yes
configure:24562: checking return type of signal handlers
configure:24590: gcc -c -D_GNU_SOURCE  conftest.c >&5
conftest.c: In function 'main':
conftest.c:61:10: error: void value not ignored as it ought to be
   61 | return *(signal (0, 0)) (0) == 1;
      |         ~^~~~~~~~~~~~~~~~~~
configure:24596: $? = 1
configure: failed program was:
| /* confdefs.h.  */
| #define PACKAGE_NAME "unicornscan"
| #define PACKAGE_TARNAME "unicornscan"
| #define PACKAGE_VERSION "0.4.7"
| #define PACKAGE_STRING "unicornscan 0.4.7"
| #define PACKAGE_BUGREPORT "osace-users@lists.sourceforge.net"
| #define STDC_HEADERS 1
| #define HAVE_SYS_TYPES_H 1
| #define HAVE_SYS_STAT_H 1
| #define HAVE_STDLIB_H 1
| #define HAVE_STRING_H 1
| #define HAVE_MEMORY_H 1
| #define HAVE_STRINGS_H 1
| #define HAVE_INTTYPES_H 1
| #define HAVE_STDINT_H 1
| #define HAVE_UNISTD_H 1
| #define HAVE_DLFCN_H 1
| #define STDC_HEADERS 1
| #define HAVE_SYS_WAIT_H 1
| #define HAVE_DIRENT_H 1
| #define TIME_WITH_SYS_TIME 1
| #define HAVE_FCNTL_H 1
| #define HAVE_INTTYPES_H 1
| #define HAVE_MALLOC_H 1
| #define HAVE_MEMORY_H 1
| #define HAVE_NETDB_H 1
| #define HAVE_STDDEF_H 1
| #define HAVE_STDINT_H 1
| #define HAVE_STDLIB_H 1
| #define HAVE_STRING_H 1
| #define HAVE_SYS_IOCTL_H 1
| #define HAVE_SYS_PARAM_H 1
| #define HAVE_SYS_TIME_H 1
| #define HAVE_UNISTD_H 1
| #define HAVE_LIMITS_H 1
| #define HAVE_SYS_SOCKET_H 1
| #define HAVE_NET_IF_H 1
| #define HAVE_NETINET_IN_H 1
| #define HAVE_ARPA_INET_H 1
| #define HAVE_IFADDRS_H 1
| #define HAVE_IFADDRS_H 1
| #define HAVE_NET_ETHERNET_H 1
| #define HAVE_NETINET_IF_ETHER_H 1
| #define HAVE_NETINET_ETHER_H 1
| #define HAVE_NETPACKET_PACKET_H 1
| #define HAVE_FORK 1
| #define HAVE_VFORK 1
| #define HAVE_WORKING_VFORK 1
| #define HAVE_WORKING_FORK 1
| #define HAVE_STDLIB_H 1
| #define HAVE_MALLOC 1
| #define HAVE_STDLIB_H 1
| #define HAVE_REALLOC 1
| /* end confdefs.h.  */
| #include <sys/types.h>
| #include <signal.h>
| 
| int
| main ()
| {
| return *(signal (0, 0)) (0) == 1;
|   ;
|   return 0;
| }
configure:24628: result: void
configure:24636: checking whether lstat dereferences a symlink specified with a trailing slash
configure:24672: gcc -o conftest -D_GNU_SOURCE   conftest.c  >&5
configure:24675: $? = 0
configure:24681: ./conftest
configure:24684: $? = 0
configure:24707: result: yes
configure:24726: checking whether stat accepts an empty string
configure:24756: gcc -o conftest -D_GNU_SOURCE   conftest.c  >&5
configure:24759: $? = 0
configure:24765: ./conftest
configure:24768: $? = 0
configure:24784: result: no
configure:24804: checking for vprintf
configure:24860: gcc -o conftest -D_GNU_SOURCE   conftest.c  >&5
conftest.c:80:6: warning: conflicting types for built-in function 'vprintf'; expected 'int(const char *, __va_list_tag *)' [-Wbuiltin-declaration-mismatch]
   80 | char vprintf ();
      |      ^~~~~~~
conftest.c:68:1: note: 'vprintf' is declared in header '<stdio.h>'
   67 | # include <limits.h>
   68 | #else
configure:24866: $? = 0
configure:24873: test -z "$ac_c_werror_flag" || test ! -s conftest.err
configure:24876: $? = 0
configure:24883: test -s conftest
configure:24886: $? = 0
configure:24900: result: yes
configure:24907: checking for _doprnt
configure:24963: gcc -o conftest -D_GNU_SOURCE   conftest.c  >&5
/usr/bin/ld: /tmp/ccZkzlZE.o: in function `main':
conftest.c:(.text+0xe): undefined reference to `_doprnt'
collect2: error: ld returned 1 exit status
configure:24969: $? = 1
configure: failed program was:
| /* confdefs.h.  */
| #define PACKAGE_NAME "unicornscan"
| #define PACKAGE_TARNAME "unicornscan"
| #define PACKAGE_VERSION "0.4.7"
| #define PACKAGE_STRING "unicornscan 0.4.7"
| #define PACKAGE_BUGREPORT "osace-users@lists.sourceforge.net"
| #define STDC_HEADERS 1
| #define HAVE_SYS_TYPES_H 1
| #define HAVE_SYS_STAT_H 1
| #define HAVE_STDLIB_H 1
| #define HAVE_STRING_H 1
| #define HAVE_MEMORY_H 1
| #define HAVE_STRINGS_H 1
| #define HAVE_INTTYPES_H 1
| #define HAVE_STDINT_H 1
| #define HAVE_UNISTD_H 1
| #define HAVE_DLFCN_H 1
| #define STDC_HEADERS 1
| #define HAVE_SYS_WAIT_H 1
| #define HAVE_DIRENT_H 1
| #define TIME_WITH_SYS_TIME 1
| #define HAVE_FCNTL_H 1
| #define HAVE_INTTYPES_H 1
| #define HAVE_MALLOC_H 1
| #define HAVE_MEMORY_H 1
| #define HAVE_NETDB_H 1
| #define HAVE_STDDEF_H 1
| #define HAVE_STDINT_H 1
| #define HAVE_STDLIB_H 1
| #define HAVE_STRING_H 1
| #define HAVE_SYS_IOCTL_H 1
| #define HAVE_SYS_PARAM_H 1
| #define HAVE_SYS_TIME_H 1
| #define HAVE_UNISTD_H 1
| #define HAVE_LIMITS_H 1
| #define HAVE_SYS_SOCKET_H 1
| #define HAVE_NET_IF_H 1
| #define HAVE_NETINET_IN_H 1
| #define HAVE_ARPA_INET_H 1
| #define HAVE_IFADDRS_H 1
| #define HAVE_IFADDRS_H 1
| #define HAVE_NET_ETHERNET_H 1
| #define HAVE_NETINET_IF_ETHER_H 1
| #define HAVE_NETINET_ETHER_H 1
| #define HAVE_NETPACKET_PACKET_H 1
| #define HAVE_FORK 1
| #define HAVE_VFORK 1
| #define HAVE_WORKING_VFORK 1
| #define HAVE_WORKING_FORK 1
| #define HAVE_STDLIB_H 1
| #define HAVE_MALLOC 1
| #define HAVE_STDLIB_H 1
| #define HAVE_REALLOC 1
| #define RETSIGTYPE void
| #define LSTAT_FOLLOWS_SLASHED_SYMLINK 1
| #define HAVE_VPRINTF 1
| /* end confdefs.h.  */
| /* Define _doprnt to an innocuous variant, in case <limits.h> declares _doprnt.
|    For example, HP-UX 11i <limits.h> declares gettimeofday.  */
| #define _doprnt innocuous__doprnt
| 
| /* System header to define __stub macros and hopefully few prototypes,
|     which can conflict with char _doprnt (); below.
|     Prefer <limits.h> to <assert.h> if __STDC__ is defined, since
|     <limits.h> exists even on freestanding compilers.  */
| 
| #ifdef __STDC__
| # include <limits.h>
| #else
| # include <assert.h>
| #endif
| 
| #undef _doprnt
| 
| /* Override any GCC internal prototype to avoid an error.
|    Use char because int might match the return type of a GCC
|    builtin and then its argument prototype would still apply.  */
| #ifdef __cplusplus
| extern "C"
| #endif
| char _doprnt ();
| /* The GNU C library defines this for functions which it implements
|     to always fail with ENOSYS.  Some functions are actually named
|     something starting with __ and the normal name is an alias.  */
| #if defined __stub__doprnt || defined __stub____doprnt
| choke me
| #endif
| 
| int
| main ()
| {
| return _doprnt ();
|   ;
|   return 0;
| }
configure:25002: result: no
configure:25032: checking for alarm
configure:25088: gcc -o conftest -D_GNU_SOURCE   conftest.c  >&5
configure:25094: $? = 0
configure:25101: test -z "$ac_c_werror_flag" || test ! -s conftest.err
configure:25104: $? = 0
configure:25111: test -s conftest
configure:25114: $? = 0
configure:25128: result: yes
configure:25032: checking for gethostbyname
configure:25088: gcc -o conftest -D_GNU_SOURCE   conftest.c  >&5
configure:25094: $? = 0
configure:25101: test -z "$ac_c_werror_flag" || test ! -s conftest.err
configure:25104: $? = 0
configure:25111: test -s conftest
configure:25114: $? = 0
configure:25128: result: yes
configure:25032: checking for gettimeofday
configure:25088: gcc -o conftest -D_GNU_SOURCE   conftest.c  >&5
configure:25094: $? = 0
configure:25101: test -z "$ac_c_werror_flag" || test ! -s conftest.err
configure:25104: $? = 0
configure:25111: test -s conftest
configure:25114: $? = 0
configure:25128: result: yes
configure:25032: checking for inet_ntoa
configure:25088: gcc -o conftest -D_GNU_SOURCE   conftest.c  >&5
configure:25094: $? = 0
configure:25101: test -z "$ac_c_werror_flag" || test ! -s conftest.err
configure:25104: $? = 0
configure:25111: test -s conftest
configure:25114: $? = 0
configure:25128: result: yes
configure:25032: checking for memset
configure:25088: gcc -o conftest -D_GNU_SOURCE   conftest.c  >&5
conftest.c:85:6: warning: conflicting types for built-in function 'memset'; expected 'void *(void *, int,  long unsigned int)' [-Wbuiltin-declaration-mismatch]
   85 | char memset ();
      |      ^~~~~~
conftest.c:73:1: note: 'memset' is declared in header '<string.h>'
   72 | # include <limits.h>
   73 | #else
configure:25094: $? = 0
configure:25101: test -z "$ac_c_werror_flag" || test ! -s conftest.err
configure:25104: $? = 0
configure:25111: test -s conftest
configure:25114: $? = 0
configure:25128: result: yes
configure:25032: checking for select
configure:25088: gcc -o conftest -D_GNU_SOURCE   conftest.c  >&5
configure:25094: $? = 0
configure:25101: test -z "$ac_c_werror_flag" || test ! -s conftest.err
configure:25104: $? = 0
configure:25111: test -s conftest
configure:25114: $? = 0
configure:25128: result: yes
configure:25032: checking for socket
configure:25088: gcc -o conftest -D_GNU_SOURCE   conftest.c  >&5
configure:25094: $? = 0
configure:25101: test -z "$ac_c_werror_flag" || test ! -s conftest.err
configure:25104: $? = 0
configure:25111: test -s conftest
configure:25114: $? = 0
configure:25128: result: yes
configure:25032: checking for strdup
configure:25088: gcc -o conftest -D_GNU_SOURCE   conftest.c  >&5
conftest.c:88:6: warning: conflicting types for built-in function 'strdup'; expected 'char *(const char *)' [-Wbuiltin-declaration-mismatch]
   88 | char strdup ();
      |      ^~~~~~
configure:25094: $? = 0
configure:25101: test -z "$ac_c_werror_flag" || test ! -s conftest.err
configure:25104: $? = 0
configure:25111: test -s conftest
configure:25114: $? = 0
configure:25128: result: yes
configure:25032: checking for strerror
configure:25088: gcc -o conftest -D_GNU_SOURCE   conftest.c  >&5
configure:25094: $? = 0
configure:25101: test -z "$ac_c_werror_flag" || test ! -s conftest.err
configure:25104: $? = 0
configure:25111: test -s conftest
configure:25114: $? = 0
configure:25128: result: yes
configure:25032: checking for strstr
configure:25088: gcc -o conftest -D_GNU_SOURCE   conftest.c  >&5
conftest.c:90:6: warning: conflicting types for built-in function 'strstr'; expected 'char *(const char *, const char *)' [-Wbuiltin-declaration-mismatch]
   90 | char strstr ();
      |      ^~~~~~
conftest.c:78:1: note: 'strstr' is declared in header '<string.h>'
   77 | # include <limits.h>
   78 | #else
configure:25094: $? = 0
configure:25101: test -z "$ac_c_werror_flag" || test ! -s conftest.err
configure:25104: $? = 0
configure:25111: test -s conftest
configure:25114: $? = 0
configure:25128: result: yes
configure:25032: checking for strrchr
configure:25088: gcc -o conftest -D_GNU_SOURCE   conftest.c  >&5
conftest.c:91:6: warning: conflicting types for built-in function 'strrchr'; expected 'char *(const char *, int)' [-Wbuiltin-declaration-mismatch]
   91 | char strrchr ();
      |      ^~~~~~~
conftest.c:79:1: note: 'strrchr' is declared in header '<string.h>'
   78 | # include <limits.h>
   79 | #else
configure:25094: $? = 0
configure:25101: test -z "$ac_c_werror_flag" || test ! -s conftest.err
configure:25104: $? = 0
configure:25111: test -s conftest
configure:25114: $? = 0
configure:25128: result: yes
configure:25032: checking for getnameinfo
configure:25088: gcc -o conftest -D_GNU_SOURCE   conftest.c  >&5
configure:25094: $? = 0
configure:25101: test -z "$ac_c_werror_flag" || test ! -s conftest.err
configure:25104: $? = 0
configure:25111: test -s conftest
configure:25114: $? = 0
configure:25128: result: yes
configure:25032: checking for getaddrinfo
configure:25088: gcc -o conftest -D_GNU_SOURCE   conftest.c  >&5
configure:25094: $? = 0
configure:25101: test -z "$ac_c_werror_flag" || test ! -s conftest.err
configure:25104: $? = 0
configure:25111: test -s conftest
configure:25114: $? = 0
configure:25128: result: yes
configure:25139: checking for library containing nanosleep
configure:25180: gcc -o conftest -D_GNU_SOURCE   conftest.c  >&5
configure:25186: $? = 0
configure:25193: test -z "$ac_c_werror_flag" || test ! -s conftest.err
configure:25196: $? = 0
configure:25203: test -s conftest
configure:25206: $? = 0
configure:25230: result: none required
configure:25238: checking for library containing inet_aton
configure:25279: gcc -o conftest -D_GNU_SOURCE   conftest.c  >&5
configure:25285: $? = 0
configure:25292: test -z "$ac_c_werror_flag" || test ! -s conftest.err
configure:25295: $? = 0
configure:25302: test -s conftest
configure:25305: $? = 0
configure:25329: result: none required
configure:25342: checking for libpcap (http://www.tcpdump.org)
configure:25344: checking for pcap_open_live in -lpcap
configure:25379: gcc -o conftest -D_GNU_SOURCE   conftest.c -lpcap   >&5
/usr/bin/ld: cannot find -lpcap: No such file or directory
collect2: error: ld returned 1 exit status
configure:25385: $? = 1
configure: failed program was:
| /* confdefs.h.  */
| #define PACKAGE_NAME "unicornscan"
| #define PACKAGE_TARNAME "unicornscan"
| #define PACKAGE_VERSION "0.4.7"
| #define PACKAGE_STRING "unicornscan 0.4.7"
| #define PACKAGE_BUGREPORT "osace-users@lists.sourceforge.net"
| #define STDC_HEADERS 1
| #define HAVE_SYS_TYPES_H 1
| #define HAVE_SYS_STAT_H 1
| #define HAVE_STDLIB_H 1
| #define HAVE_STRING_H 1
| #define HAVE_MEMORY_H 1
| #define HAVE_STRINGS_H 1
| #define HAVE_INTTYPES_H 1
| #define HAVE_STDINT_H 1
| #define HAVE_UNISTD_H 1
| #define HAVE_DLFCN_H 1
| #define STDC_HEADERS 1
| #define HAVE_SYS_WAIT_H 1
| #define HAVE_DIRENT_H 1
| #define TIME_WITH_SYS_TIME 1
| #define HAVE_FCNTL_H 1
| #define HAVE_INTTYPES_H 1
| #define HAVE_MALLOC_H 1
| #define HAVE_MEMORY_H 1
| #define HAVE_NETDB_H 1
| #define HAVE_STDDEF_H 1
| #define HAVE_STDINT_H 1
| #define HAVE_STDLIB_H 1
| #define HAVE_STRING_H 1
| #define HAVE_SYS_IOCTL_H 1
| #define HAVE_SYS_PARAM_H 1
| #define HAVE_SYS_TIME_H 1
| #define HAVE_UNISTD_H 1
| #define HAVE_LIMITS_H 1
| #define HAVE_SYS_SOCKET_H 1
| #define HAVE_NET_IF_H 1
| #define HAVE_NETINET_IN_H 1
| #define HAVE_ARPA_INET_H 1
| #define HAVE_IFADDRS_H 1
| #define HAVE_IFADDRS_H 1
| #define HAVE_NET_ETHERNET_H 1
| #define HAVE_NETINET_IF_ETHER_H 1
| #define HAVE_NETINET_ETHER_H 1
| #define HAVE_NETPACKET_PACKET_H 1
| #define HAVE_FORK 1
| #define HAVE_VFORK 1
| #define HAVE_WORKING_VFORK 1
| #define HAVE_WORKING_FORK 1
| #define HAVE_STDLIB_H 1
| #define HAVE_MALLOC 1
| #define HAVE_STDLIB_H 1
| #define HAVE_REALLOC 1
| #define RETSIGTYPE void
| #define LSTAT_FOLLOWS_SLASHED_SYMLINK 1
| #define HAVE_VPRINTF 1
| #define HAVE_ALARM 1
| #define HAVE_GETHOSTBYNAME 1
| #define HAVE_GETTIMEOFDAY 1
| #define HAVE_INET_NTOA 1
| #define HAVE_MEMSET 1
| #define HAVE_SELECT 1
| #define HAVE_SOCKET 1
| #define HAVE_STRDUP 1
| #define HAVE_STRERROR 1
| #define HAVE_STRSTR 1
| #define HAVE_STRRCHR 1
| #define HAVE_GETNAMEINFO 1
| #define HAVE_GETADDRINFO 1
| /* end confdefs.h.  */
| 
| /* Override any GCC internal prototype to avoid an error.
|    Use char because int might match the return type of a GCC
|    builtin and then its argument prototype would still apply.  */
| #ifdef __cplusplus
| extern "C"
| #endif
| char pcap_open_live ();
| int
| main ()
| {
| return pcap_open_live ();
|   ;
|   return 0;
| }
configure:25419: result: no
configure:25710: checking for libdnet
configure:25749: result: no
configure:25756: checking for libltdl
configure:25759: checking for lt_dlopen in -lltdl
configure:25794: gcc -o conftest -D_GNU_SOURCE   conftest.c -lltdl   >&5
configure:25800: $? = 0
configure:25807: test -z "$ac_c_werror_flag" || test ! -s conftest.err
configure:25810: $? = 0
configure:25817: test -s conftest
configure:25820: $? = 0
configure:25834: result: yes
configure:25851: checking for a readable /proc/net/route file
configure:25858: result: Yes
configure:25877: checking for a readable prng device
configure:25901: result: yes found at /dev/urandom
configure:25932: checking for gmake
configure:25950: found /usr/bin/gmake
configure:25962: result: /usr/bin/gmake
configure:25975: checking for __attribute__
configure:26006: gcc -c -D_GNU_SOURCE  conftest.c >&5
conftest.c: In function 'main':
conftest.c:81:13: error: invalid storage class for function 'foo'
   81 | static void foo(void) __attribute__ ((unused));
      |             ^~~
conftest.c:83:7: error: invalid storage class for function 'foo'
   83 |       foo(void) {
      |       ^~~
configure:26012: $? = 1
configure: failed program was:
| /* confdefs.h.  */
| #define PACKAGE_NAME "unicornscan"
| #define PACKAGE_TARNAME "unicornscan"
| #define PACKAGE_VERSION "0.4.7"
| #define PACKAGE_STRING "unicornscan 0.4.7"
| #define PACKAGE_BUGREPORT "osace-users@lists.sourceforge.net"
| #define STDC_HEADERS 1
| #define HAVE_SYS_TYPES_H 1
| #define HAVE_SYS_STAT_H 1
| #define HAVE_STDLIB_H 1
| #define HAVE_STRING_H 1
| #define HAVE_MEMORY_H 1
| #define HAVE_STRINGS_H 1
| #define HAVE_INTTYPES_H 1
| #define HAVE_STDINT_H 1
| #define HAVE_UNISTD_H 1
| #define HAVE_DLFCN_H 1
| #define STDC_HEADERS 1
| #define HAVE_SYS_WAIT_H 1
| #define HAVE_DIRENT_H 1
| #define TIME_WITH_SYS_TIME 1
| #define HAVE_FCNTL_H 1
| #define HAVE_INTTYPES_H 1
| #define HAVE_MALLOC_H 1
| #define HAVE_MEMORY_H 1
| #define HAVE_NETDB_H 1
| #define HAVE_STDDEF_H 1
| #define HAVE_STDINT_H 1
| #define HAVE_STDLIB_H 1
| #define HAVE_STRING_H 1
| #define HAVE_SYS_IOCTL_H 1
| #define HAVE_SYS_PARAM_H 1
| #define HAVE_SYS_TIME_H 1
| #define HAVE_UNISTD_H 1
| #define HAVE_LIMITS_H 1
| #define HAVE_SYS_SOCKET_H 1
| #define HAVE_NET_IF_H 1
| #define HAVE_NETINET_IN_H 1
| #define HAVE_ARPA_INET_H 1
| #define HAVE_IFADDRS_H 1
| #define HAVE_IFADDRS_H 1
| #define HAVE_NET_ETHERNET_H 1
| #define HAVE_NETINET_IF_ETHER_H 1
| #define HAVE_NETINET_ETHER_H 1
| #define HAVE_NETPACKET_PACKET_H 1
| #define HAVE_FORK 1
| #define HAVE_VFORK 1
| #define HAVE_WORKING_VFORK 1
| #define HAVE_WORKING_FORK 1
| #define HAVE_STDLIB_H 1
| #define HAVE_MALLOC 1
| #define HAVE_STDLIB_H 1
| #define HAVE_REALLOC 1
| #define RETSIGTYPE void
| #define LSTAT_FOLLOWS_SLASHED_SYMLINK 1
| #define HAVE_VPRINTF 1
| #define HAVE_ALARM 1
| #define HAVE_GETHOSTBYNAME 1
| #define HAVE_GETTIMEOFDAY 1
| #define HAVE_INET_NTOA 1
| #define HAVE_MEMSET 1
| #define HAVE_SELECT 1
| #define HAVE_SOCKET 1
| #define HAVE_STRDUP 1
| #define HAVE_STRERROR 1
| #define HAVE_STRSTR 1
| #define HAVE_STRRCHR 1
| #define HAVE_GETNAMEINFO 1
| #define HAVE_GETADDRINFO 1
| #define HAVE_PCAP_LIB_VERSION 1
| #define HAVE_PCAP_SET_NONBLOCK 1
| #define HAVE_LIBLTDL 1
| #define HAVE_PROC_NET_ROUTE 1
| #define SHLIB_EXT ".la"
| #define RANDOM_DEVICE "/dev/urandom"
| /* end confdefs.h.  */
| #include <stdlib.h>
| int
| main ()
| {
| static void foo(void) __attribute__ ((unused));
|       static void
|       foo(void) {
|           exit(1);
|       }
|   ;
|   return 0;
| }
configure:26053: result: no
configure:26057: checking for backtrace in execinfo.h
configure:26077: gcc -o conftest -D_GNU_SOURCE   conftest.c -lltdl  >&5
conftest.c: In function 'main':
conftest.c:8:9: warning: implicit declaration of function 'exit' [-Wimplicit-function-declaration]
    8 |         exit(0);
      |         ^~~~
conftest.c:4:1: note: include '<stdlib.h>' or provide a declaration of 'exit'
    3 | #include <execinfo.h>
    4 | int main(int argc, char ** argv) {
conftest.c:8:9: warning: incompatible implicit declaration of built-in function 'exit' [-Wbuiltin-declaration-mismatch]
    8 |         exit(0);
      |         ^~~~
conftest.c:8:9: note: include '<stdlib.h>' or provide a declaration of 'exit'
configure:26083: $? = 0
configure:26090: test -z "$ac_c_werror_flag" || test ! -s conftest.err
configure:26093: $? = 0
configure:26100: test -s conftest
configure:26103: $? = 0
configure:26105: result: yes
configure:26123: checking whether to force bundled libltdl to be staticly linked into executables
configure:26139: result: no
configure:26158: checking for non-priv user for listener
configure:26185: result: Using user nobody
configure:26475: checking for GeoIP_open in -lGeoIP
configure:26510: gcc -o conftest -D_GNU_SOURCE   conftest.c -lGeoIP  -lltdl  >&5
/usr/bin/ld: cannot find -lGeoIP: No such file or directory
collect2: error: ld returned 1 exit status
configure:26516: $? = 1
configure: failed program was:
| /* confdefs.h.  */
| #define PACKAGE_NAME "unicornscan"
| #define PACKAGE_TARNAME "unicornscan"
| #define PACKAGE_VERSION "0.4.7"
| #define PACKAGE_STRING "unicornscan 0.4.7"
| #define PACKAGE_BUGREPORT "osace-users@lists.sourceforge.net"
| #define STDC_HEADERS 1
| #define HAVE_SYS_TYPES_H 1
| #define HAVE_SYS_STAT_H 1
| #define HAVE_STDLIB_H 1
| #define HAVE_STRING_H 1
| #define HAVE_MEMORY_H 1
| #define HAVE_STRINGS_H 1
| #define HAVE_INTTYPES_H 1
| #define HAVE_STDINT_H 1
| #define HAVE_UNISTD_H 1
| #define HAVE_DLFCN_H 1
| #define STDC_HEADERS 1
| #define HAVE_SYS_WAIT_H 1
| #define HAVE_DIRENT_H 1
| #define TIME_WITH_SYS_TIME 1
| #define HAVE_FCNTL_H 1
| #define HAVE_INTTYPES_H 1
| #define HAVE_MALLOC_H 1
| #define HAVE_MEMORY_H 1
| #define HAVE_NETDB_H 1
| #define HAVE_STDDEF_H 1
| #define HAVE_STDINT_H 1
| #define HAVE_STDLIB_H 1
| #define HAVE_STRING_H 1
| #define HAVE_SYS_IOCTL_H 1
| #define HAVE_SYS_PARAM_H 1
| #define HAVE_SYS_TIME_H 1
| #define HAVE_UNISTD_H 1
| #define HAVE_LIMITS_H 1
| #define HAVE_SYS_SOCKET_H 1
| #define HAVE_NET_IF_H 1
| #define HAVE_NETINET_IN_H 1
| #define HAVE_ARPA_INET_H 1
| #define HAVE_IFADDRS_H 1
| #define HAVE_IFADDRS_H 1
| #define HAVE_NET_ETHERNET_H 1
| #define HAVE_NETINET_IF_ETHER_H 1
| #define HAVE_NETINET_ETHER_H 1
| #define HAVE_NETPACKET_PACKET_H 1
| #define HAVE_FORK 1
| #define HAVE_VFORK 1
| #define HAVE_WORKING_VFORK 1
| #define HAVE_WORKING_FORK 1
| #define HAVE_STDLIB_H 1
| #define HAVE_MALLOC 1
| #define HAVE_STDLIB_H 1
| #define HAVE_REALLOC 1
| #define RETSIGTYPE void
| #define LSTAT_FOLLOWS_SLASHED_SYMLINK 1
| #define HAVE_VPRINTF 1
| #define HAVE_ALARM 1
| #define HAVE_GETHOSTBYNAME 1
| #define HAVE_GETTIMEOFDAY 1
| #define HAVE_INET_NTOA 1
| #define HAVE_MEMSET 1
| #define HAVE_SELECT 1
| #define HAVE_SOCKET 1
| #define HAVE_STRDUP 1
| #define HAVE_STRERROR 1
| #define HAVE_STRSTR 1
| #define HAVE_STRRCHR 1
| #define HAVE_GETNAMEINFO 1
| #define HAVE_GETADDRINFO 1
| #define HAVE_PCAP_LIB_VERSION 1
| #define HAVE_PCAP_SET_NONBLOCK 1
| #define HAVE_LIBLTDL 1
| #define HAVE_PROC_NET_ROUTE 1
| #define SHLIB_EXT ".la"
| #define RANDOM_DEVICE "/dev/urandom"
| #define WITH_BACKTRACE 1
| #define NOPRIV_USER "nobody"
| #define USE_SETRE 1
| /* end confdefs.h.  */
| 
| /* Override any GCC internal prototype to avoid an error.
|    Use char because int might match the return type of a GCC
|    builtin and then its argument prototype would still apply.  */
| #ifdef __cplusplus
| extern "C"
| #endif
| char GeoIP_open ();
| int
| main ()
| {
| return GeoIP_open ();
|   ;
|   return 0;
| }
configure:26550: result: no
configure:26569: checking for getopt_long
configure:26595: gcc -c -D_GNU_SOURCE  conftest.c >&5
conftest.c: In function 'main':
conftest.c:87:1: warning: argument 2 null where non-null expected [-Wnonnull]
   87 | getopt_long(0,NULL,NULL,NULL,NULL);
      | ^~~~~~~~~~~
In file included from /usr/include/getopt.h:36,
                 from conftest.c:83:
/usr/include/x86_64-linux-gnu/bits/getopt_ext.h:66:12: note: in a call to function 'getopt_long' declared 'nonnull'
   66 | extern int getopt_long (int ___argc, char *__getopt_argv_const *___argv,
      |            ^~~~~~~~~~~
conftest.c:87:1: warning: argument 3 null where non-null expected [-Wnonnull]
   87 | getopt_long(0,NULL,NULL,NULL,NULL);
      | ^~~~~~~~~~~
/usr/include/x86_64-linux-gnu/bits/getopt_ext.h:66:12: note: in a call to function 'getopt_long' declared 'nonnull'
   66 | extern int getopt_long (int ___argc, char *__getopt_argv_const *___argv,
      |            ^~~~~~~~~~~
configure:26601: $? = 0
configure:26608: test -z "$ac_c_werror_flag" || test ! -s conftest.err
configure:26611: $? = 0
configure:26618: test -s conftest.o
configure:26621: $? = 0
configure:26623: result: yes
configure:26640: checking whether byte ordering is bigendian
configure:26672: gcc -c -D_GNU_SOURCE  conftest.c >&5
configure:26678: $? = 0
configure:26685: test -z "$ac_c_werror_flag" || test ! -s conftest.err
configure:26688: $? = 0
configure:26695: test -s conftest.o
configure:26698: $? = 0
configure:26727: gcc -c -D_GNU_SOURCE  conftest.c >&5
conftest.c: In function 'main':
conftest.c:88:2: error: unknown type name 'not'; did you mean 'ino_t'?
   88 |  not big endian
      |  ^~~
      |  ino_t
conftest.c:88:10: error: expected '=', ',', ';', 'asm' or '__attribute__' before 'endian'
   88 |  not big endian
      |          ^~~~~~
configure:26733: $? = 1
configure: failed program was:
| /* confdefs.h.  */
| #define PACKAGE_NAME "unicornscan"
| #define PACKAGE_TARNAME "unicornscan"
| #define PACKAGE_VERSION "0.4.7"
| #define PACKAGE_STRING "unicornscan 0.4.7"
| #define PACKAGE_BUGREPORT "osace-users@lists.sourceforge.net"
| #define STDC_HEADERS 1
| #define HAVE_SYS_TYPES_H 1
| #define HAVE_SYS_STAT_H 1
| #define HAVE_STDLIB_H 1
| #define HAVE_STRING_H 1
| #define HAVE_MEMORY_H 1
| #define HAVE_STRINGS_H 1
| #define HAVE_INTTYPES_H 1
| #define HAVE_STDINT_H 1
| #define HAVE_UNISTD_H 1
| #define HAVE_DLFCN_H 1
| #define STDC_HEADERS 1
| #define HAVE_SYS_WAIT_H 1
| #define HAVE_DIRENT_H 1
| #define TIME_WITH_SYS_TIME 1
| #define HAVE_FCNTL_H 1
| #define HAVE_INTTYPES_H 1
| #define HAVE_MALLOC_H 1
| #define HAVE_MEMORY_H 1
| #define HAVE_NETDB_H 1
| #define HAVE_STDDEF_H 1
| #define HAVE_STDINT_H 1
| #define HAVE_STDLIB_H 1
| #define HAVE_STRING_H 1
| #define HAVE_SYS_IOCTL_H 1
| #define HAVE_SYS_PARAM_H 1
| #define HAVE_SYS_TIME_H 1
| #define HAVE_UNISTD_H 1
| #define HAVE_LIMITS_H 1
| #define HAVE_SYS_SOCKET_H 1
| #define HAVE_NET_IF_H 1
| #define HAVE_NETINET_IN_H 1
| #define HAVE_ARPA_INET_H 1
| #define HAVE_IFADDRS_H 1
| #define HAVE_IFADDRS_H 1
| #define HAVE_NET_ETHERNET_H 1
| #define HAVE_NETINET_IF_ETHER_H 1
| #define HAVE_NETINET_ETHER_H 1
| #define HAVE_NETPACKET_PACKET_H 1
| #define HAVE_FORK 1
| #define HAVE_VFORK 1
| #define HAVE_WORKING_VFORK 1
| #define HAVE_WORKING_FORK 1
| #define HAVE_STDLIB_H 1
| #define HAVE_MALLOC 1
| #define HAVE_STDLIB_H 1
| #define HAVE_REALLOC 1
| #define RETSIGTYPE void
| #define LSTAT_FOLLOWS_SLASHED_SYMLINK 1
| #define HAVE_VPRINTF 1
| #define HAVE_ALARM 1
| #define HAVE_GETHOSTBYNAME 1
| #define HAVE_GETTIMEOFDAY 1
| #define HAVE_INET_NTOA 1
| #define HAVE_MEMSET 1
| #define HAVE_SELECT 1
| #define HAVE_SOCKET 1
| #define HAVE_STRDUP 1
| #define HAVE_STRERROR 1
| #define HAVE_STRSTR 1
| #define HAVE_STRRCHR 1
| #define HAVE_GETNAMEINFO 1
| #define HAVE_GETADDRINFO 1
| #define HAVE_PCAP_LIB_VERSION 1
| #define HAVE_PCAP_SET_NONBLOCK 1
| #define HAVE_LIBLTDL 1
| #define HAVE_PROC_NET_ROUTE 1
| #define SHLIB_EXT ".la"
| #define RANDOM_DEVICE "/dev/urandom"
| #define WITH_BACKTRACE 1
| #define NOPRIV_USER "nobody"
| #define USE_SETRE 1
| #define WITH_LONGOPTS 1
| /* end confdefs.h.  */
| #include <sys/types.h>
| #include <sys/param.h>
| 
| int
| main ()
| {
| #if BYTE_ORDER != BIG_ENDIAN
|  not big endian
| #endif
| 
|   ;
|   return 0;
| }
configure:26907: result: no
configure:27054: creating ./config.status

## ---------------------- ##
## Running config.status. ##
## ---------------------- ##

This file was extended by unicornscan config.status 0.4.7, which was
generated by GNU Autoconf 2.60.  Invocation command line was

  CONFIG_FILES    = 
  CONFIG_HEADERS  = 
  CONFIG_LINKS    = 
  CONFIG_COMMANDS = 
  $ ./config.status 

on e3ef76b19695

config.status:652: creating Makefile
config.status:652: creating Makefile.inc
config.status:787: WARNING:  Makefile.inc.in seems to ignore the --datarootdir setting
config.status:652: creating etc/Makefile
config.status:652: creating libs/Makefile
config.status:652: creating docs/Makefile
config.status:652: creating selinux/Makefile
config.status:652: creating ext_src/Makefile
config.status:652: creating src/Makefile
config.status:652: creating src/packageinfo.h
config.status:652: creating src/unilib/Makefile
config.status:652: creating src/scan_progs/Makefile
config.status:652: creating src/scan_progs/tests/Makefile
config.status:652: creating src/tools/Makefile
config.status:652: creating src/tools/p0f/Makefile
config.status:652: creating src/output_modules/Makefile
config.status:652: creating src/output_modules/database/Makefile
config.status:652: creating src/payload_modules/Makefile
config.status:652: creating src/payload_modules/libunirainbow/Makefile
config.status:652: creating src/report_modules/Makefile
config.status:652: creating src/report_modules/osdetect/Makefile
config.status:652: creating src/parse/Makefile
config.status:652: creating src/config.h
config.status:944: src/config.h is unchanged

## ---------------- ##
## Cache variables. ##
## ---------------- ##

ac_cv___attribute__=no
ac_cv_build=x86_64-unknown-linux-gnu
ac_cv_c_bigendian=no
ac_cv_c_compiler_gnu=yes
ac_cv_c_const=yes
ac_cv_c_inline=inline
ac_cv_c_volatile=yes
ac_cv_cxx_compiler_gnu=yes
ac_cv_env_CCC_set=
ac_cv_env_CCC_value=
ac_cv_env_CC_set=
ac_cv_env_CC_value=
ac_cv_env_CFLAGS_set=set
ac_cv_env_CFLAGS_value=-D_GNU_SOURCE
ac_cv_env_CPPFLAGS_set=
ac_cv_env_CPPFLAGS_value=
ac_cv_env_CPP_set=
ac_cv_env_CPP_value=
ac_cv_env_CXXCPP_set=
ac_cv_env_CXXCPP_value=
ac_cv_env_CXXFLAGS_set=
ac_cv_env_CXXFLAGS_value=
ac_cv_env_CXX_set=
ac_cv_env_CXX_value=
ac_cv_env_F77_set=
ac_cv_env_F77_value=
ac_cv_env_FFLAGS_set=
ac_cv_env_FFLAGS_value=
ac_cv_env_LDFLAGS_set=
ac_cv_env_LDFLAGS_value=
ac_cv_env_build_alias_set=
ac_cv_env_build_alias_value=
ac_cv_env_host_alias_set=
ac_cv_env_host_alias_value=
ac_cv_env_target_alias_set=
ac_cv_env_target_alias_value=
ac_cv_f77_compiler_gnu=no
ac_cv_func__doprnt=no
ac_cv_func_alarm=yes
ac_cv_func_closedir_void=no
ac_cv_func_dlopen=yes
ac_cv_func_fork=yes
ac_cv_func_fork_works=yes
ac_cv_func_getaddrinfo=yes
ac_cv_func_gethostbyname=yes
ac_cv_func_getnameinfo=yes
ac_cv_func_gettimeofday=yes
ac_cv_func_inet_ntoa=yes
ac_cv_func_lstat_dereferences_slashed_symlink=yes
ac_cv_func_malloc_0_nonnull=yes
ac_cv_func_memset=yes
ac_cv_func_realloc_0_nonnull=yes
ac_cv_func_select=yes
ac_cv_func_shl_load=no
ac_cv_func_socket=yes
ac_cv_func_stat_empty_string_bug=no
ac_cv_func_strdup=yes
ac_cv_func_strerror=yes
ac_cv_func_strrchr=yes
ac_cv_func_strstr=yes
ac_cv_func_vfork=yes
ac_cv_func_vfork_works=yes
ac_cv_func_vprintf=yes
ac_cv_header_arpa_inet_h=yes
ac_cv_header_dirent_dirent_h=yes
ac_cv_header_dlfcn_h=yes
ac_cv_header_fcntl_h=yes
ac_cv_header_ifaddrs_h=yes
ac_cv_header_inttypes_h=yes
ac_cv_header_limits_h=yes
ac_cv_header_malloc_h=yes
ac_cv_header_memory_h=yes
ac_cv_header_net_bpf_h=no
ac_cv_header_net_ethernet_h=yes
ac_cv_header_net_if_dl_h=no
ac_cv_header_net_if_h=yes
ac_cv_header_netdb_h=yes
ac_cv_header_netinet_ether_h=yes
ac_cv_header_netinet_if_ether_h=yes
ac_cv_header_netinet_in_h=yes
ac_cv_header_netpacket_packet_h=yes
ac_cv_header_stdc=yes
ac_cv_header_stddef_h=yes
ac_cv_header_stdint_h=yes
ac_cv_header_stdlib_h=yes
ac_cv_header_string_h=yes
ac_cv_header_strings_h=yes
ac_cv_header_sys_ethernet_h=no
ac_cv_header_sys_ioctl_h=yes
ac_cv_header_sys_param_h=yes
ac_cv_header_sys_socket_h=yes
ac_cv_header_sys_stat_h=yes
ac_cv_header_sys_time_h=yes
ac_cv_header_sys_types_h=yes
ac_cv_header_sys_wait_h=yes
ac_cv_header_time=yes
ac_cv_header_unistd_h=yes
ac_cv_header_vfork_h=no
ac_cv_host=x86_64-unknown-linux-gnu
ac_cv_lbl_gcc_vers=13
ac_cv_lib_GeoIP_GeoIP_open=no
ac_cv_lib_dld_shl_load=no
ac_cv_lib_ltdl_lt_dlopen=yes
ac_cv_lib_pcap_pcap_open_live=no
ac_cv_member_struct_sockaddr_sa_len=no
ac_cv_objext=o
ac_cv_path_EGREP='/usr/bin/grep -E'
ac_cv_path_GREP=/usr/bin/grep
ac_cv_path_USE_MAKE=/usr/bin/gmake
ac_cv_path_install='/usr/bin/install -c'
ac_cv_prog_AWK=gawk
ac_cv_prog_CPP='gcc -E'
ac_cv_prog_CXXCPP='g++ -E'
ac_cv_prog_ac_ct_AR=ar
ac_cv_prog_ac_ct_CC=gcc
ac_cv_prog_ac_ct_CXX=g++
ac_cv_prog_ac_ct_RANLIB=ranlib
ac_cv_prog_ac_ct_STRIP=strip
ac_cv_prog_cc_c89=
ac_cv_prog_cc_g=yes
ac_cv_prog_cxx_g=yes
ac_cv_prog_f77_g=no
ac_cv_prog_gcc_traditional=no
ac_cv_prog_make_make_set=yes
ac_cv_search_gethostbyname='none required'
ac_cv_search_inet_aton='none required'
ac_cv_search_nanosleep='none required'
ac_cv_search_opendir='none required'
ac_cv_search_putmsg=no
ac_cv_search_socket='none required'
ac_cv_type_off_t=yes
ac_cv_type_pid_t=yes
ac_cv_type_signal=void
ac_cv_type_size_t=yes
ac_cv_type_uid_t=yes
lt_cv_deplibs_check_method=pass_all
lt_cv_dlopen=dlopen
lt_cv_dlopen_libs=
lt_cv_dlopen_self=yes
lt_cv_dlopen_self_static=yes
lt_cv_file_magic_cmd='$MAGIC_CMD'
lt_cv_file_magic_test_file='/lib/libc.so* /lib/libc-*.so'
lt_cv_ld_reload_flag=-r
lt_cv_objdir=.libs
lt_cv_path_LD=/usr/bin/ld
lt_cv_path_LDCXX='/usr/bin/ld -m elf_x86_64'
lt_cv_path_NM='/usr/bin/nm -B'
lt_cv_path_SED=/usr/bin/sed
lt_cv_prog_compiler_c_o=yes
lt_cv_prog_compiler_c_o_CXX=yes
lt_cv_prog_compiler_rtti_exceptions=no
lt_cv_prog_gnu_ld=yes
lt_cv_prog_gnu_ldcxx=yes
lt_cv_sys_global_symbol_pipe='sed -n -e '\''s/^.*[ 	]\([ABCDGIRSTW][ABCDGIRSTW]*\)[ 	][ 	]*\(\)\([_A-Za-z][_A-Za-z0-9]*\)$/\1 \2\3 \3/p'\'''
lt_cv_sys_global_symbol_to_c_name_address='sed -n -e '\''s/^: \([^ ]*\) $/  {\"\1\", (lt_ptr) 0},/p'\'' -e '\''s/^[BCDEGRST] \([^ ]*\) \([^ ]*\)$/  {"\2", (lt_ptr) \&\2},/p'\'''
lt_cv_sys_global_symbol_to_cdecl='sed -n -e '\''s/^. .* \(.*\)$/extern int \1;/p'\'''
lt_cv_sys_max_cmd_len=32768
lt_lt_cv_prog_compiler_c_o='"yes"'
lt_lt_cv_prog_compiler_c_o_CXX='"yes"'
lt_lt_cv_sys_global_symbol_pipe='"sed -n -e '\''s/^.*[ 	]\\([ABCDGIRSTW][ABCDGIRSTW]*\\)[ 	][ 	]*\\(\\)\\([_A-Za-z][_A-Za-z0-9]*\\)\$/\\1 \\2\\3 \\3/p'\''"'
lt_lt_cv_sys_global_symbol_to_c_name_address='"sed -n -e '\''s/^: \\([^ ]*\\) \$/  {\\\"\\1\\\", (lt_ptr) 0},/p'\'' -e '\''s/^[BCDEGRST] \\([^ ]*\\) \\([^ ]*\\)\$/  {\"\\2\", (lt_ptr) \\&\\2},/p'\''"'
lt_lt_cv_sys_global_symbol_to_cdecl='"sed -n -e '\''s/^. .* \\(.*\\)\$/extern int \\1;/p'\''"'

## ----------------- ##
## Output variables. ##
## ----------------- ##

AR='ar'
AWK='gawk'
CC='gcc'
CFLAGS='-D_GNU_SOURCE'
CHCON='true'
CPP='gcc -E'
CPPFLAGS=''
CXX='g++'
CXXCPP='g++ -E'
CXXFLAGS='-g -O2'
DBTYPES=''
DEFS='-DHAVE_CONFIG_H'
DESTDIR=''
DNETCFLG=''
DNETLIBS=''
ECHO='echo'
ECHO_C=''
ECHO_N='-n'
ECHO_T=''
EGREP='/usr/bin/grep -E'
EXEEXT=''
F77=''
FFLAGS=''
GREP='/usr/bin/grep'
INSTALL_DATA='${INSTALL} -m 644'
INSTALL_PROGRAM='${INSTALL}'
INSTALL_SCRIPT='${INSTALL}'
LDFLAGS=''
LIBOBJS=''
LIBS='-lltdl '
LIBTOOL='$(SHELL) $(top_builddir)/libtool'
LIBTOOL_DEPS='autostuff/ltmain.sh'
LN_S='ln -s'
LTLIBOBJS=''
MY_CPPFLAGS=''
MY_LDFLAGS=''
NEED_AUX_LIBS=' pcap libdnet'
NOPRIV_USER=''
OBJEXT='o'
PACKAGE_BUGREPORT='osace-users@lists.sourceforge.net'
PACKAGE_NAME='unicornscan'
PACKAGE_STRING='unicornscan 0.4.7'
PACKAGE_TARNAME='unicornscan'
PACKAGE_VERSION='0.4.7'
PATH_SEPARATOR=':'
PG_CPPFLAGS=''
PG_LDFLAGS=''
RANDOM_DEVICE=''
RANLIB='ranlib'
SET_MAKE=''
SHELL='/bin/bash'
SHLICC2=''
SP_MODE='755'
STRIP='strip'
USE_MAKE='/usr/bin/gmake'
U_CDEFS=' '
U_CINCS=' '
U_COPTS='-D_GNU_SOURCE -O2'
U_LDFLAGS=' '
U_LIBS=' '
ac_ct_CC='gcc'
ac_ct_CXX='g++'
ac_ct_F77=''
bindir='${exec_prefix}/bin'
build='x86_64-unknown-linux-gnu'
build_alias=''
build_cpu='x86_64'
build_os='linux-gnu'
build_vendor='unknown'
datadir='${datarootdir}'
datarootdir='${prefix}/share'
docdir='${datarootdir}/doc/${PACKAGE_TARNAME}'
dvidir='${docdir}'
exec_prefix='${prefix}'
host='x86_64-unknown-linux-gnu'
host_alias=''
host_cpu='x86_64'
host_os='linux-gnu'
host_vendor='unknown'
htmldir='${docdir}'
includedir='${prefix}/include'
infodir='${datarootdir}/info'
libdir='${exec_prefix}/lib'
libexecdir='${exec_prefix}/libexec'
listenername='unilisten'
localedir='${datarootdir}/locale'
localstatedir='${prefix}/var'
mandir='${datarootdir}/man'
oldincludedir='/usr/include'
pdfdir='${docdir}'
prefix='/usr/local'
program_transform_name='s,x,x,'
psdir='${docdir}'
sbindir='${exec_prefix}/sbin'
sendername='unisend'
sharedstatedir='${prefix}/com'
sysconfdir='${prefix}/etc'
target_alias=''
targetname='unicornscan'

## ----------- ##
## confdefs.h. ##
## ----------- ##

#define PACKAGE_NAME "unicornscan"
#define PACKAGE_TARNAME "unicornscan"
#define PACKAGE_VERSION "0.4.7"
#define PACKAGE_STRING "unicornscan 0.4.7"
#define PACKAGE_BUGREPORT "osace-users@lists.sourceforge.net"
#define STDC_HEADERS 1
#define HAVE_SYS_TYPES_H 1
#define HAVE_SYS_STAT_H 1
#define HAVE_STDLIB_H 1
#define HAVE_STRING_H 1
#define HAVE_MEMORY_H 1
#define HAVE_STRINGS_H 1
#define HAVE_INTTYPES_H 1
#define HAVE_STDINT_H 1
#define HAVE_UNISTD_H 1
#define HAVE_DLFCN_H 1
#define STDC_HEADERS 1
#define HAVE_SYS_WAIT_H 1
#define HAVE_DIRENT_H 1
#define TIME_WITH_SYS_TIME 1
#define HAVE_FCNTL_H 1
#define HAVE_INTTYPES_H 1
#define HAVE_MALLOC_H 1
#define HAVE_MEMORY_H 1
#define HAVE_NETDB_H 1
#define HAVE_STDDEF_H 1
#define HAVE_STDINT_H 1
#define HAVE_STDLIB_H 1
#define HAVE_STRING_H 1
#define HAVE_SYS_IOCTL_H 1
#define HAVE_SYS_PARAM_H 1
#define HAVE_SYS_TIME_H 1
#define HAVE_UNISTD_H 1
#define HAVE_LIMITS_H 1
#define HAVE_SYS_SOCKET_H 1
#define HAVE_NET_IF_H 1
#define HAVE_NETINET_IN_H 1
#define HAVE_ARPA_INET_H 1
#define HAVE_IFADDRS_H 1
#define HAVE_IFADDRS_H 1
#define HAVE_NET_ETHERNET_H 1
#define HAVE_NETINET_IF_ETHER_H 1
#define HAVE_NETINET_ETHER_H 1
#define HAVE_NETPACKET_PACKET_H 1
#define HAVE_FORK 1
#define HAVE_VFORK 1
#define HAVE_WORKING_VFORK 1
#define HAVE_WORKING_FORK 1
#define HAVE_STDLIB_H 1
#define HAVE_MALLOC 1
#define HAVE_STDLIB_H 1
#define HAVE_REALLOC 1
#define RETSIGTYPE void
#define LSTAT_FOLLOWS_SLASHED_SYMLINK 1
#define HAVE_VPRINTF 1
#define HAVE_ALARM 1
#define HAVE_GETHOSTBYNAME 1
#define HAVE_GETTIMEOFDAY 1
#define HAVE_INET_NTOA 1
#define HAVE_MEMSET 1
#define HAVE_SELECT 1
#define HAVE_SOCKET 1
#define HAVE_STRDUP 1
#define HAVE_STRERROR 1
#define HAVE_STRSTR 1
#define HAVE_STRRCHR 1
#define HAVE_GETNAMEINFO 1
#define HAVE_GETADDRINFO 1
#define HAVE_PCAP_LIB_VERSION 1
#define HAVE_PCAP_SET_NONBLOCK 1
#define HAVE_LIBLTDL 1
#define HAVE_PROC_NET_ROUTE 1
#define SHLIB_EXT ".la"
#define RANDOM_DEVICE "/dev/urandom"
#define WITH_BACKTRACE 1
#define NOPRIV_USER "nobody"
#define USE_SETRE 1
#define WITH_LONGOPTS 1
#define CPU_LITTLEENDIAN 1
#define SENDERNAME "unisend"
#define TARGETNAME "unicornscan"
#define LISTENERNAME "unilisten"

configure: exit 0
